18:09:41 **** Build of configuration Debug for project nxp_lpcxpresso_11c24_freertos_blinky ****
make -r all 
Building file: ../freertos/src/FreeRTOSCommonHooks.c
Invoking: MCU C Compiler
arm-none-eabi-gcc -D__REDLIB__ -DDEBUG -D__CODE_RED -D__USE_LPCOPEN -DCORE_M0 -I"D:\DB\Dropbox\Development\led_stripe_controller\workspace\nxp_lpcxpresso_11c24_freertos_blinky\example\inc" -I"D:\DB\Dropbox\Development\led_stripe_controller\workspace\nxp_lpcxpresso_11c24_freertos_blinky\freertos\inc" -I"D:\DB\Dropbox\Development\led_stripe_controller\workspace\lpc_chip_11cxx_lib\inc" -I"D:\DB\Dropbox\Development\led_stripe_controller\workspace\nxp_lpcxpresso_11c24_board_lib\inc" -O0 -g3 -Wall -c -fmessage-length=0 -fno-builtin -ffunction-sections -fdata-sections -mcpu=cortex-m0 -mthumb -D__REDLIB__ -specs=redlib.specs -MMD -MP -MF"freertos/src/FreeRTOSCommonHooks.d" -MT"freertos/src/FreeRTOSCommonHooks.o" -MT"freertos/src/FreeRTOSCommonHooks.d" -o "freertos/src/FreeRTOSCommonHooks.o" "../freertos/src/FreeRTOSCommonHooks.c"
In file included from D:\DB\Dropbox\Development\led_stripe_controller\workspace\lpc_chip_11cxx_lib\inc/chip.h:232:0,
                 from D:\DB\Dropbox\Development\led_stripe_controller\workspace\nxp_lpcxpresso_11c24_board_lib\inc/board.h:35,
                 from D:\DB\Dropbox\Development\led_stripe_controller\workspace\nxp_lpcxpresso_11c24_freertos_blinky\example\inc/FreeRTOSConfig.h:60,
                 from D:\DB\Dropbox\Development\led_stripe_controller\workspace\nxp_lpcxpresso_11c24_freertos_blinky\freertos\inc/FreeRTOS.h:88,
                 from ../freertos/src/FreeRTOSCommonHooks.c:32:
D:\DB\Dropbox\Development\led_stripe_controller\workspace\lpc_chip_11cxx_lib\inc/pmu_11xx.h:49:8: warning: missing terminating " character
 #error "LPC1125 support for the PMU driver is not ready
        ^
Finished building: ../freertos/src/FreeRTOSCommonHooks.c
 
Building file: ../freertos/src/croutine.c
Invoking: MCU C Compiler
arm-none-eabi-gcc -D__REDLIB__ -DDEBUG -D__CODE_RED -D__USE_LPCOPEN -DCORE_M0 -I"D:\DB\Dropbox\Development\led_stripe_controller\workspace\nxp_lpcxpresso_11c24_freertos_blinky\example\inc" -I"D:\DB\Dropbox\Development\led_stripe_controller\workspace\nxp_lpcxpresso_11c24_freertos_blinky\freertos\inc" -I"D:\DB\Dropbox\Development\led_stripe_controller\workspace\lpc_chip_11cxx_lib\inc" -I"D:\DB\Dropbox\Development\led_stripe_controller\workspace\nxp_lpcxpresso_11c24_board_lib\inc" -O0 -g3 -Wall -c -fmessage-length=0 -fno-builtin -ffunction-sections -fdata-sections -mcpu=cortex-m0 -mthumb -D__REDLIB__ -specs=redlib.specs -MMD -MP -MF"freertos/src/croutine.d" -MT"freertos/src/croutine.o" -MT"freertos/src/croutine.d" -o "freertos/src/croutine.o" "../freertos/src/croutine.c"
In file included from D:\DB\Dropbox\Development\led_stripe_controller\workspace\lpc_chip_11cxx_lib\inc/chip.h:232:0,
                 from D:\DB\Dropbox\Development\led_stripe_controller\workspace\nxp_lpcxpresso_11c24_board_lib\inc/board.h:35,
                 from D:\DB\Dropbox\Development\led_stripe_controller\workspace\nxp_lpcxpresso_11c24_freertos_blinky\example\inc/FreeRTOSConfig.h:60,
                 from D:\DB\Dropbox\Development\led_stripe_controller\workspace\nxp_lpcxpresso_11c24_freertos_blinky\freertos\inc/FreeRTOS.h:88,
                 from ../freertos/src/croutine.c:75:
D:\DB\Dropbox\Development\led_stripe_controller\workspace\lpc_chip_11cxx_lib\inc/pmu_11xx.h:49:8: warning: missing terminating " character
 #error "LPC1125 support for the PMU driver is not ready
        ^
Finished building: ../freertos/src/croutine.c
 
Building file: ../freertos/src/heap_1.c
Invoking: MCU C Compiler
arm-none-eabi-gcc -D__REDLIB__ -DDEBUG -D__CODE_RED -D__USE_LPCOPEN -DCORE_M0 -I"D:\DB\Dropbox\Development\led_stripe_controller\workspace\nxp_lpcxpresso_11c24_freertos_blinky\example\inc" -I"D:\DB\Dropbox\Development\led_stripe_controller\workspace\nxp_lpcxpresso_11c24_freertos_blinky\freertos\inc" -I"D:\DB\Dropbox\Development\led_stripe_controller\workspace\lpc_chip_11cxx_lib\inc" -I"D:\DB\Dropbox\Development\led_stripe_controller\workspace\nxp_lpcxpresso_11c24_board_lib\inc" -O0 -g3 -Wall -c -fmessage-length=0 -fno-builtin -ffunction-sections -fdata-sections -mcpu=cortex-m0 -mthumb -D__REDLIB__ -specs=redlib.specs -MMD -MP -MF"freertos/src/heap_1.d" -MT"freertos/src/heap_1.o" -MT"freertos/src/heap_1.d" -o "freertos/src/heap_1.o" "../freertos/src/heap_1.c"
In file included from D:\DB\Dropbox\Development\led_stripe_controller\workspace\lpc_chip_11cxx_lib\inc/chip.h:232:0,
                 from D:\DB\Dropbox\Development\led_stripe_controller\workspace\nxp_lpcxpresso_11c24_board_lib\inc/board.h:35,
                 from D:\DB\Dropbox\Development\led_stripe_controller\workspace\nxp_lpcxpresso_11c24_freertos_blinky\example\inc/FreeRTOSConfig.h:60,
                 from D:\DB\Dropbox\Development\led_stripe_controller\workspace\nxp_lpcxpresso_11c24_freertos_blinky\freertos\inc/FreeRTOS.h:88,
                 from ../freertos/src/heap_1.c:90:
D:\DB\Dropbox\Development\led_stripe_controller\workspace\lpc_chip_11cxx_lib\inc/pmu_11xx.h:49:8: warning: missing terminating " character
 #error "LPC1125 support for the PMU driver is not ready
        ^
Finished building: ../freertos/src/heap_1.c
 
Building file: ../freertos/src/list.c
Invoking: MCU C Compiler
arm-none-eabi-gcc -D__REDLIB__ -DDEBUG -D__CODE_RED -D__USE_LPCOPEN -DCORE_M0 -I"D:\DB\Dropbox\Development\led_stripe_controller\workspace\nxp_lpcxpresso_11c24_freertos_blinky\example\inc" -I"D:\DB\Dropbox\Development\led_stripe_controller\workspace\nxp_lpcxpresso_11c24_freertos_blinky\freertos\inc" -I"D:\DB\Dropbox\Development\led_stripe_controller\workspace\lpc_chip_11cxx_lib\inc" -I"D:\DB\Dropbox\Development\led_stripe_controller\workspace\nxp_lpcxpresso_11c24_board_lib\inc" -O0 -g3 -Wall -c -fmessage-length=0 -fno-builtin -ffunction-sections -fdata-sections -mcpu=cortex-m0 -mthumb -D__REDLIB__ -specs=redlib.specs -MMD -MP -MF"freertos/src/list.d" -MT"freertos/src/list.o" -MT"freertos/src/list.d" -o "freertos/src/list.o" "../freertos/src/list.c"
In file included from D:\DB\Dropbox\Development\led_stripe_controller\workspace\lpc_chip_11cxx_lib\inc/chip.h:232:0,
                 from D:\DB\Dropbox\Development\led_stripe_controller\workspace\nxp_lpcxpresso_11c24_board_lib\inc/board.h:35,
                 from D:\DB\Dropbox\Development\led_stripe_controller\workspace\nxp_lpcxpresso_11c24_freertos_blinky\example\inc/FreeRTOSConfig.h:60,
                 from D:\DB\Dropbox\Development\led_stripe_controller\workspace\nxp_lpcxpresso_11c24_freertos_blinky\freertos\inc/FreeRTOS.h:88,
                 from ../freertos/src/list.c:77:
D:\DB\Dropbox\Development\led_stripe_controller\workspace\lpc_chip_11cxx_lib\inc/pmu_11xx.h:49:8: warning: missing terminating " character
 #error "LPC1125 support for the PMU driver is not ready
        ^
Finished building: ../freertos/src/list.c
 
Building file: ../freertos/src/port.c
Invoking: MCU C Compiler
arm-none-eabi-gcc -D__REDLIB__ -DDEBUG -D__CODE_RED -D__USE_LPCOPEN -DCORE_M0 -I"D:\DB\Dropbox\Development\led_stripe_controller\workspace\nxp_lpcxpresso_11c24_freertos_blinky\example\inc" -I"D:\DB\Dropbox\Development\led_stripe_controller\workspace\nxp_lpcxpresso_11c24_freertos_blinky\freertos\inc" -I"D:\DB\Dropbox\Development\led_stripe_controller\workspace\lpc_chip_11cxx_lib\inc" -I"D:\DB\Dropbox\Development\led_stripe_controller\workspace\nxp_lpcxpresso_11c24_board_lib\inc" -O0 -g3 -Wall -c -fmessage-length=0 -fno-builtin -ffunction-sections -fdata-sections -mcpu=cortex-m0 -mthumb -D__REDLIB__ -specs=redlib.specs -MMD -MP -MF"freertos/src/port.d" -MT"freertos/src/port.o" -MT"freertos/src/port.d" -o "freertos/src/port.o" "../freertos/src/port.c"
In file included from D:\DB\Dropbox\Development\led_stripe_controller\workspace\lpc_chip_11cxx_lib\inc/chip.h:232:0,
                 from D:\DB\Dropbox\Development\led_stripe_controller\workspace\nxp_lpcxpresso_11c24_board_lib\inc/board.h:35,
                 from D:\DB\Dropbox\Development\led_stripe_controller\workspace\nxp_lpcxpresso_11c24_freertos_blinky\example\inc/FreeRTOSConfig.h:60,
                 from D:\DB\Dropbox\Development\led_stripe_controller\workspace\nxp_lpcxpresso_11c24_freertos_blinky\freertos\inc/FreeRTOS.h:88,
                 from ../freertos/src/port.c:80:
D:\DB\Dropbox\Development\led_stripe_controller\workspace\lpc_chip_11cxx_lib\inc/pmu_11xx.h:49:8: warning: missing terminating " character
 #error "LPC1125 support for the PMU driver is not ready
        ^
Finished building: ../freertos/src/port.c
 
Building file: ../freertos/src/queue.c
Invoking: MCU C Compiler
arm-none-eabi-gcc -D__REDLIB__ -DDEBUG -D__CODE_RED -D__USE_LPCOPEN -DCORE_M0 -I"D:\DB\Dropbox\Development\led_stripe_controller\workspace\nxp_lpcxpresso_11c24_freertos_blinky\example\inc" -I"D:\DB\Dropbox\Development\led_stripe_controller\workspace\nxp_lpcxpresso_11c24_freertos_blinky\freertos\inc" -I"D:\DB\Dropbox\Development\led_stripe_controller\workspace\lpc_chip_11cxx_lib\inc" -I"D:\DB\Dropbox\Development\led_stripe_controller\workspace\nxp_lpcxpresso_11c24_board_lib\inc" -O0 -g3 -Wall -c -fmessage-length=0 -fno-builtin -ffunction-sections -fdata-sections -mcpu=cortex-m0 -mthumb -D__REDLIB__ -specs=redlib.specs -MMD -MP -MF"freertos/src/queue.d" -MT"freertos/src/queue.o" -MT"freertos/src/queue.d" -o "freertos/src/queue.o" "../freertos/src/queue.c"
In file included from D:\DB\Dropbox\Development\led_stripe_controller\workspace\lpc_chip_11cxx_lib\inc/chip.h:232:0,
                 from D:\DB\Dropbox\Development\led_stripe_controller\workspace\nxp_lpcxpresso_11c24_board_lib\inc/board.h:35,
                 from D:\DB\Dropbox\Development\led_stripe_controller\workspace\nxp_lpcxpresso_11c24_freertos_blinky\example\inc/FreeRTOSConfig.h:60,
                 from D:\DB\Dropbox\Development\led_stripe_controller\workspace\nxp_lpcxpresso_11c24_freertos_blinky\freertos\inc/FreeRTOS.h:88,
                 from ../freertos/src/queue.c:83:
D:\DB\Dropbox\Development\led_stripe_controller\workspace\lpc_chip_11cxx_lib\inc/pmu_11xx.h:49:8: warning: missing terminating " character
 #error "LPC1125 support for the PMU driver is not ready
        ^
Finished building: ../freertos/src/queue.c
 
Building file: ../freertos/src/tasks.c
Invoking: MCU C Compiler
arm-none-eabi-gcc -D__REDLIB__ -DDEBUG -D__CODE_RED -D__USE_LPCOPEN -DCORE_M0 -I"D:\DB\Dropbox\Development\led_stripe_controller\workspace\nxp_lpcxpresso_11c24_freertos_blinky\example\inc" -I"D:\DB\Dropbox\Development\led_stripe_controller\workspace\nxp_lpcxpresso_11c24_freertos_blinky\freertos\inc" -I"D:\DB\Dropbox\Development\led_stripe_controller\workspace\lpc_chip_11cxx_lib\inc" -I"D:\DB\Dropbox\Development\led_stripe_controller\workspace\nxp_lpcxpresso_11c24_board_lib\inc" -O0 -g3 -Wall -c -fmessage-length=0 -fno-builtin -ffunction-sections -fdata-sections -mcpu=cortex-m0 -mthumb -D__REDLIB__ -specs=redlib.specs -MMD -MP -MF"freertos/src/tasks.d" -MT"freertos/src/tasks.o" -MT"freertos/src/tasks.d" -o "freertos/src/tasks.o" "../freertos/src/tasks.c"
In file included from D:\DB\Dropbox\Development\led_stripe_controller\workspace\lpc_chip_11cxx_lib\inc/chip.h:232:0,
                 from D:\DB\Dropbox\Development\led_stripe_controller\workspace\nxp_lpcxpresso_11c24_board_lib\inc/board.h:35,
                 from D:\DB\Dropbox\Development\led_stripe_controller\workspace\nxp_lpcxpresso_11c24_freertos_blinky\example\inc/FreeRTOSConfig.h:60,
                 from D:\DB\Dropbox\Development\led_stripe_controller\workspace\nxp_lpcxpresso_11c24_freertos_blinky\freertos\inc/FreeRTOS.h:88,
                 from ../freertos/src/tasks.c:86:
D:\DB\Dropbox\Development\led_stripe_controller\workspace\lpc_chip_11cxx_lib\inc/pmu_11xx.h:49:8: warning: missing terminating " character
 #error "LPC1125 support for the PMU driver is not ready
        ^
Finished building: ../freertos/src/tasks.c
 
Building file: ../freertos/src/timers.c
Invoking: MCU C Compiler
arm-none-eabi-gcc -D__REDLIB__ -DDEBUG -D__CODE_RED -D__USE_LPCOPEN -DCORE_M0 -I"D:\DB\Dropbox\Development\led_stripe_controller\workspace\nxp_lpcxpresso_11c24_freertos_blinky\example\inc" -I"D:\DB\Dropbox\Development\led_stripe_controller\workspace\nxp_lpcxpresso_11c24_freertos_blinky\freertos\inc" -I"D:\DB\Dropbox\Development\led_stripe_controller\workspace\lpc_chip_11cxx_lib\inc" -I"D:\DB\Dropbox\Development\led_stripe_controller\workspace\nxp_lpcxpresso_11c24_board_lib\inc" -O0 -g3 -Wall -c -fmessage-length=0 -fno-builtin -ffunction-sections -fdata-sections -mcpu=cortex-m0 -mthumb -D__REDLIB__ -specs=redlib.specs -MMD -MP -MF"freertos/src/timers.d" -MT"freertos/src/timers.o" -MT"freertos/src/timers.d" -o "freertos/src/timers.o" "../freertos/src/timers.c"
In file included from D:\DB\Dropbox\Development\led_stripe_controller\workspace\lpc_chip_11cxx_lib\inc/chip.h:232:0,
                 from D:\DB\Dropbox\Development\led_stripe_controller\workspace\nxp_lpcxpresso_11c24_board_lib\inc/board.h:35,
                 from D:\DB\Dropbox\Development\led_stripe_controller\workspace\nxp_lpcxpresso_11c24_freertos_blinky\example\inc/FreeRTOSConfig.h:60,
                 from D:\DB\Dropbox\Development\led_stripe_controller\workspace\nxp_lpcxpresso_11c24_freertos_blinky\freertos\inc/FreeRTOS.h:88,
                 from ../freertos/src/timers.c:80:
D:\DB\Dropbox\Development\led_stripe_controller\workspace\lpc_chip_11cxx_lib\inc/pmu_11xx.h:49:8: warning: missing terminating " character
 #error "LPC1125 support for the PMU driver is not ready
        ^
Finished building: ../freertos/src/timers.c
 
Building file: ../example/src/cr_startup_lpc11xx.c
Invoking: MCU C Compiler
arm-none-eabi-gcc -D__REDLIB__ -DDEBUG -D__CODE_RED -D__USE_LPCOPEN -DCORE_M0 -I"D:\DB\Dropbox\Development\led_stripe_controller\workspace\nxp_lpcxpresso_11c24_freertos_blinky\example\inc" -I"D:\DB\Dropbox\Development\led_stripe_controller\workspace\nxp_lpcxpresso_11c24_freertos_blinky\freertos\inc" -I"D:\DB\Dropbox\Development\led_stripe_controller\workspace\lpc_chip_11cxx_lib\inc" -I"D:\DB\Dropbox\Development\led_stripe_controller\workspace\nxp_lpcxpresso_11c24_board_lib\inc" -Os -g3 -Wall -c -fmessage-length=0 -fno-builtin -ffunction-sections -fdata-sections -mcpu=cortex-m0 -mthumb -D__REDLIB__ -specs=redlib.specs -MMD -MP -MF"example/src/cr_startup_lpc11xx.d" -MT"example/src/cr_startup_lpc11xx.d" -o "example/src/cr_startup_lpc11xx.o" "../example/src/cr_startup_lpc11xx.c"
Finished building: ../example/src/cr_startup_lpc11xx.c
 
Building file: ../example/src/freertos_blinky.c
Invoking: MCU C Compiler
arm-none-eabi-gcc -D__REDLIB__ -DDEBUG -D__CODE_RED -D__USE_LPCOPEN -DCORE_M0 -I"D:\DB\Dropbox\Development\led_stripe_controller\workspace\nxp_lpcxpresso_11c24_freertos_blinky\example\inc" -I"D:\DB\Dropbox\Development\led_stripe_controller\workspace\nxp_lpcxpresso_11c24_freertos_blinky\freertos\inc" -I"D:\DB\Dropbox\Development\led_stripe_controller\workspace\lpc_chip_11cxx_lib\inc" -I"D:\DB\Dropbox\Development\led_stripe_controller\workspace\nxp_lpcxpresso_11c24_board_lib\inc" -O0 -g3 -Wall -c -fmessage-length=0 -fno-builtin -ffunction-sections -fdata-sections -mcpu=cortex-m0 -mthumb -D__REDLIB__ -specs=redlib.specs -MMD -MP -MF"example/src/freertos_blinky.d" -MT"example/src/freertos_blinky.o" -MT"example/src/freertos_blinky.d" -o "example/src/freertos_blinky.o" "../example/src/freertos_blinky.c"
In file included from D:\DB\Dropbox\Development\led_stripe_controller\workspace\lpc_chip_11cxx_lib\inc/chip.h:232:0,
                 from D:\DB\Dropbox\Development\led_stripe_controller\workspace\nxp_lpcxpresso_11c24_board_lib\inc/board.h:35,
                 from ../example/src/freertos_blinky.c:32:
D:\DB\Dropbox\Development\led_stripe_controller\workspace\lpc_chip_11cxx_lib\inc/pmu_11xx.h:49:8: warning: missing terminating " character
 #error "LPC1125 support for the PMU driver is not ready
        ^
Finished building: ../example/src/freertos_blinky.c
 
Building file: ../example/src/sysinit.c
Invoking: MCU C Compiler
arm-none-eabi-gcc -D__REDLIB__ -DDEBUG -D__CODE_RED -D__USE_LPCOPEN -DCORE_M0 -I"D:\DB\Dropbox\Development\led_stripe_controller\workspace\nxp_lpcxpresso_11c24_freertos_blinky\example\inc" -I"D:\DB\Dropbox\Development\led_stripe_controller\workspace\nxp_lpcxpresso_11c24_freertos_blinky\freertos\inc" -I"D:\DB\Dropbox\Development\led_stripe_controller\workspace\lpc_chip_11cxx_lib\inc" -I"D:\DB\Dropbox\Development\led_stripe_controller\workspace\nxp_lpcxpresso_11c24_board_lib\inc" -O0 -g3 -Wall -c -fmessage-length=0 -fno-builtin -ffunction-sections -fdata-sections -mcpu=cortex-m0 -mthumb -D__REDLIB__ -specs=redlib.specs -MMD -MP -MF"example/src/sysinit.d" -MT"example/src/sysinit.o" -MT"example/src/sysinit.d" -o "example/src/sysinit.o" "../example/src/sysinit.c"
In file included from D:\DB\Dropbox\Development\led_stripe_controller\workspace\lpc_chip_11cxx_lib\inc/chip.h:232:0,
                 from D:\DB\Dropbox\Development\led_stripe_controller\workspace\nxp_lpcxpresso_11c24_board_lib\inc/board.h:35,
                 from ../example/src/sysinit.c:32:
D:\DB\Dropbox\Development\led_stripe_controller\workspace\lpc_chip_11cxx_lib\inc/pmu_11xx.h:49:8: warning: missing terminating " character
 #error "LPC1125 support for the PMU driver is not ready
        ^
Finished building: ../example/src/sysinit.c
 
Building target: nxp_lpcxpresso_11c24_freertos_blinky.axf
Invoking: MCU Linker
arm-none-eabi-gcc -nostdlib -L"D:\DB\Dropbox\Development\led_stripe_controller\workspace\nxp_lpcxpresso_11c24_board_lib\Debug" -L"D:\DB\Dropbox\Development\led_stripe_controller\workspace\lpc_chip_11cxx_lib\Debug" -Xlinker -Map="nxp_lpcxpresso_11c24_freertos_blinky.map" -Xlinker --gc-sections -mcpu=cortex-m0 -mthumb -T "nxp_lpcxpresso_11c24_freertos_blinky_Debug.ld" -o "nxp_lpcxpresso_11c24_freertos_blinky.axf"  ./freertos/src/FreeRTOSCommonHooks.o ./freertos/src/croutine.o ./freertos/src/heap_1.o ./freertos/src/list.o ./freertos/src/port.o ./freertos/src/queue.o ./freertos/src/tasks.o ./freertos/src/timers.o  ./example/src/cr_startup_lpc11xx.o ./example/src/freertos_blinky.o ./example/src/sysinit.o   -lnxp_lpcxpresso_11c24_board_lib -llpc_chip_11cxx_lib
Finished building target: nxp_lpcxpresso_11c24_freertos_blinky.axf
 
make --no-print-directory post-build
Performing post-build steps
arm-none-eabi-size "nxp_lpcxpresso_11c24_freertos_blinky.axf"; # arm-none-eabi-objcopy -O binary "nxp_lpcxpresso_11c24_freertos_blinky.axf" "nxp_lpcxpresso_11c24_freertos_blinky.bin" ; checksum -p LPC11C24_301 -d "nxp_lpcxpresso_11c24_freertos_blinky.bin";
   text	   data	    bss	    dec	    hex	filename
   7420	      8	   2200	   9628	   259c	nxp_lpcxpresso_11c24_freertos_blinky.axf
 

18:09:45 Build Finished (took 3s.580ms)

