00:09:07 **** Incremental Build of configuration Debug for project nxp_lpcxpresso_11c24_periph_blinky ****
make all 
Building file: ../example/src/blinky.c
Invoking: MCU C Compiler
arm-none-eabi-gcc -D__REDLIB__ -DDEBUG -D__CODE_RED -D__USE_LPCOPEN -DCORE_M0 -I"/Users/jack77/Documents/LPCXpresso_7.3.0/workspace/nxp_lpcxpresso_11c24_periph_blinky/example/inc" -I"/Users/jack77/Documents/LPCXpresso_7.3.0/workspace/lpc_chip_11cxx_lib/inc" -I"/Users/jack77/Documents/LPCXpresso_7.3.0/workspace/nxp_lpcxpresso_11c24_board_lib/inc" -Og -g3 -Wall -c -fmessage-length=0 -fno-builtin -ffunction-sections -fdata-sections -mcpu=cortex-m0 -mthumb -D__REDLIB__ -specs=redlib.specs -MMD -MP -MF"example/src/blinky.d" -MT"example/src/blinky.o" -MT"example/src/blinky.d" -o "example/src/blinky.o" "../example/src/blinky.c"
In file included from /Users/jack77/Documents/LPCXpresso_7.3.0/workspace/lpc_chip_11cxx_lib/inc/chip.h:232:0,
                 from /Users/jack77/Documents/LPCXpresso_7.3.0/workspace/nxp_lpcxpresso_11c24_board_lib/inc/board.h:35,
                 from ../example/src/blinky.c:32:
/Users/jack77/Documents/LPCXpresso_7.3.0/workspace/lpc_chip_11cxx_lib/inc/pmu_11xx.h:49:8: warning: missing terminating " character [enabled by default]
 #error "LPC1125 support for the PMU driver is not ready
        ^
../example/src/blinky.c: In function 'SysTick_Handler':
../example/src/blinky.c:65:9: warning: type defaults to 'int' in declaration of 'itrcnt' [-Wimplicit-int]
  static itrcnt = 0;
         ^
Finished building: ../example/src/blinky.c
 
Building target: nxp_lpcxpresso_11c24_periph_blinky.axf
Invoking: MCU Linker
arm-none-eabi-gcc -nostdlib -L"/Users/jack77/Documents/LPCXpresso_7.3.0/workspace/nxp_lpcxpresso_11c24_board_lib/Debug" -L"/Users/jack77/Documents/LPCXpresso_7.3.0/workspace/lpc_chip_11cxx_lib/Debug" -Xlinker -Map="nxp_lpcxpresso_11c24_periph_blinky.map" -Xlinker --gc-sections -mcpu=cortex-m0 -mthumb -T "nxp_lpcxpresso_11c24_periph_blinky_Debug.ld" -o "nxp_lpcxpresso_11c24_periph_blinky.axf"  ./example/src/blinky.o ./example/src/cr_startup_lpc11xx.o ./example/src/sysinit.o   -lnxp_lpcxpresso_11c24_board_lib -llpc_chip_11cxx_lib
Finished building target: nxp_lpcxpresso_11c24_periph_blinky.axf
 
make --no-print-directory post-build
Performing post-build steps
arm-none-eabi-size "nxp_lpcxpresso_11c24_periph_blinky.axf"; # arm-none-eabi-objcopy -O binary "nxp_lpcxpresso_11c24_periph_blinky.axf" "nxp_lpcxpresso_11c24_periph_blinky.bin" ; checksum -p LPC11C24_301 -d "nxp_lpcxpresso_11c24_periph_blinky.bin";
   text	   data	    bss	    dec	    hex	filename
   3440	    396	    356	   4192	   1060	nxp_lpcxpresso_11c24_periph_blinky.axf
 

00:09:07 Build Finished (took 161ms)

