Archive member included because of file (symbol)

C:\Users\Jacob\Dropbox\Development\led_stripe_controller\workspace\lpc_chip_11cxx_lib\Debug\liblpc_chip_11cxx_lib.a(chip_11xx.o)
                              ./src/ledDriver_v3_lpc.o (SystemCoreClockUpdate)
C:\Users\Jacob\Dropbox\Development\led_stripe_controller\workspace\lpc_chip_11cxx_lib\Debug\liblpc_chip_11cxx_lib.a(clock_11xx.o)
                              C:\Users\Jacob\Dropbox\Development\led_stripe_controller\workspace\lpc_chip_11cxx_lib\Debug\liblpc_chip_11cxx_lib.a(chip_11xx.o) (Chip_Clock_GetSystemClockRate)
C:\Users\Jacob\Dropbox\Development\led_stripe_controller\workspace\nxp_lpcxpresso_11c24_board_lib\Debug\libnxp_lpcxpresso_11c24_board_lib.a(board.o)
                              C:\Users\Jacob\Dropbox\Development\led_stripe_controller\workspace\lpc_chip_11cxx_lib\Debug\liblpc_chip_11cxx_lib.a(clock_11xx.o) (OscRateIn)
C:\Users\Jacob\Dropbox\Development\led_stripe_controller\workspace\nxp_lpcxpresso_11c24_board_lib\Debug\libnxp_lpcxpresso_11c24_board_lib.a(board_sysinit.o)
                              ./src/sysinit.o (Board_SystemInit)
c:/nxp/lpcxpresso_7.8.0_426/lpcxpresso/tools/bin/../lib/gcc/arm-none-eabi/4.9.3/../../../../arm-none-eabi/lib/armv6-m\libcr_c.a(__weak__main.o)
                              ./src/cr_startup_lpc11xx.o (__main)
c:/nxp/lpcxpresso_7.8.0_426/lpcxpresso/tools/bin/../lib/gcc/arm-none-eabi/4.9.3/armv6-m\libcr_eabihelpers.a(division_32.o)
                              C:\Users\Jacob\Dropbox\Development\led_stripe_controller\workspace\lpc_chip_11cxx_lib\Debug\liblpc_chip_11cxx_lib.a(clock_11xx.o) (__aeabi_uidiv)
c:/nxp/lpcxpresso_7.8.0_426/lpcxpresso/tools/bin/../lib/gcc/arm-none-eabi/4.9.3/armv6-m\libcr_eabihelpers.a(division_idiv0.o)
                              c:/nxp/lpcxpresso_7.8.0_426/lpcxpresso/tools/bin/../lib/gcc/arm-none-eabi/4.9.3/armv6-m\libcr_eabihelpers.a(division_32.o) (__aeabi_idiv0)

Allocating common symbols
Common symbol       size              file

SystemCoreClock     0x4               C:\Users\Jacob\Dropbox\Development\led_stripe_controller\workspace\lpc_chip_11cxx_lib\Debug\liblpc_chip_11cxx_lib.a(chip_11xx.o)

Discarded input sections

 .group         0x00000000        0x8 ./src/cr_startup_lpc11xx.o
 .text          0x00000000        0x0 ./src/cr_startup_lpc11xx.o
 .data          0x00000000        0x0 ./src/cr_startup_lpc11xx.o
 .bss           0x00000000        0x0 ./src/cr_startup_lpc11xx.o
 .group         0x00000000        0x8 ./src/crp.o
 .group         0x00000000        0x8 ./src/crp.o
 .text          0x00000000        0x0 ./src/crp.o
 .data          0x00000000        0x0 ./src/crp.o
 .bss           0x00000000        0x0 ./src/crp.o
 .debug_macro   0x00000000      0x84a ./src/crp.o
 .group         0x00000000        0x8 ./src/ledDriver_v3_lpc.o
 .group         0x00000000        0x8 ./src/ledDriver_v3_lpc.o
 .group         0x00000000        0x8 ./src/ledDriver_v3_lpc.o
 .group         0x00000000        0x8 ./src/ledDriver_v3_lpc.o
 .group         0x00000000        0x8 ./src/ledDriver_v3_lpc.o
 .group         0x00000000        0x8 ./src/ledDriver_v3_lpc.o
 .group         0x00000000        0x8 ./src/ledDriver_v3_lpc.o
 .group         0x00000000        0x8 ./src/ledDriver_v3_lpc.o
 .group         0x00000000        0x8 ./src/ledDriver_v3_lpc.o
 .group         0x00000000        0x8 ./src/ledDriver_v3_lpc.o
 .group         0x00000000        0x8 ./src/ledDriver_v3_lpc.o
 .group         0x00000000        0x8 ./src/ledDriver_v3_lpc.o
 .group         0x00000000        0x8 ./src/ledDriver_v3_lpc.o
 .group         0x00000000        0x8 ./src/ledDriver_v3_lpc.o
 .group         0x00000000        0x8 ./src/ledDriver_v3_lpc.o
 .group         0x00000000        0x8 ./src/ledDriver_v3_lpc.o
 .group         0x00000000        0x8 ./src/ledDriver_v3_lpc.o
 .group         0x00000000        0x8 ./src/ledDriver_v3_lpc.o
 .group         0x00000000        0x8 ./src/ledDriver_v3_lpc.o
 .group         0x00000000        0x8 ./src/ledDriver_v3_lpc.o
 .group         0x00000000        0x8 ./src/ledDriver_v3_lpc.o
 .group         0x00000000        0x8 ./src/ledDriver_v3_lpc.o
 .group         0x00000000        0x8 ./src/ledDriver_v3_lpc.o
 .group         0x00000000        0x8 ./src/ledDriver_v3_lpc.o
 .group         0x00000000        0x8 ./src/ledDriver_v3_lpc.o
 .group         0x00000000        0x8 ./src/ledDriver_v3_lpc.o
 .group         0x00000000        0x8 ./src/ledDriver_v3_lpc.o
 .group         0x00000000        0x8 ./src/ledDriver_v3_lpc.o
 .text          0x00000000        0x0 ./src/ledDriver_v3_lpc.o
 .data          0x00000000        0x0 ./src/ledDriver_v3_lpc.o
 .bss           0x00000000        0x0 ./src/ledDriver_v3_lpc.o
 .debug_macro   0x00000000      0x84a ./src/ledDriver_v3_lpc.o
 .group         0x00000000        0x8 ./src/sysinit.o
 .group         0x00000000        0x8 ./src/sysinit.o
 .group         0x00000000        0x8 ./src/sysinit.o
 .group         0x00000000        0x8 ./src/sysinit.o
 .group         0x00000000        0x8 ./src/sysinit.o
 .group         0x00000000        0x8 ./src/sysinit.o
 .group         0x00000000        0x8 ./src/sysinit.o
 .group         0x00000000        0x8 ./src/sysinit.o
 .group         0x00000000        0x8 ./src/sysinit.o
 .group         0x00000000        0x8 ./src/sysinit.o
 .group         0x00000000        0x8 ./src/sysinit.o
 .group         0x00000000        0x8 ./src/sysinit.o
 .group         0x00000000        0x8 ./src/sysinit.o
 .group         0x00000000        0x8 ./src/sysinit.o
 .group         0x00000000        0x8 ./src/sysinit.o
 .group         0x00000000        0x8 ./src/sysinit.o
 .group         0x00000000        0x8 ./src/sysinit.o
 .group         0x00000000        0x8 ./src/sysinit.o
 .group         0x00000000        0x8 ./src/sysinit.o
 .group         0x00000000        0x8 ./src/sysinit.o
 .group         0x00000000        0x8 ./src/sysinit.o
 .group         0x00000000        0x8 ./src/sysinit.o
 .group         0x00000000        0x8 ./src/sysinit.o
 .group         0x00000000        0x8 ./src/sysinit.o
 .group         0x00000000        0x8 ./src/sysinit.o
 .group         0x00000000        0x8 ./src/sysinit.o
 .group         0x00000000        0x8 ./src/sysinit.o
 .text          0x00000000        0x0 ./src/sysinit.o
 .data          0x00000000        0x0 ./src/sysinit.o
 .bss           0x00000000        0x0 ./src/sysinit.o
 .debug_macro   0x00000000      0x84a ./src/sysinit.o
 .debug_macro   0x00000000       0x10 ./src/sysinit.o
 .debug_macro   0x00000000      0x12d ./src/sysinit.o
 .debug_macro   0x00000000      0x5b2 ./src/sysinit.o
 .debug_macro   0x00000000       0x22 ./src/sysinit.o
 .debug_macro   0x00000000       0x7b ./src/sysinit.o
 .debug_macro   0x00000000       0x10 ./src/sysinit.o
 .debug_macro   0x00000000       0x1f ./src/sysinit.o
 .debug_macro   0x00000000       0x3a ./src/sysinit.o
 .debug_macro   0x00000000      0x241 ./src/sysinit.o
 .debug_macro   0x00000000      0x117 ./src/sysinit.o
 .debug_macro   0x00000000       0x22 ./src/sysinit.o
 .debug_macro   0x00000000       0xb2 ./src/sysinit.o
 .debug_macro   0x00000000       0x10 ./src/sysinit.o
 .debug_macro   0x00000000      0x137 ./src/sysinit.o
 .debug_macro   0x00000000       0x4c ./src/sysinit.o
 .debug_macro   0x00000000       0x16 ./src/sysinit.o
 .debug_macro   0x00000000      0x31a ./src/sysinit.o
 .debug_macro   0x00000000       0x2e ./src/sysinit.o
 .debug_macro   0x00000000       0xb8 ./src/sysinit.o
 .debug_macro   0x00000000       0x11 ./src/sysinit.o
 .debug_macro   0x00000000       0x7c ./src/sysinit.o
 .debug_macro   0x00000000      0x21c ./src/sysinit.o
 .debug_macro   0x00000000      0x113 ./src/sysinit.o
 .debug_macro   0x00000000       0x10 ./src/sysinit.o
 .debug_macro   0x00000000       0x9a ./src/sysinit.o
 .debug_macro   0x00000000       0x20 ./src/sysinit.o
 .group         0x00000000        0x8 C:\Users\Jacob\Dropbox\Development\led_stripe_controller\workspace\lpc_chip_11cxx_lib\Debug\liblpc_chip_11cxx_lib.a(chip_11xx.o)
 .group         0x00000000        0x8 C:\Users\Jacob\Dropbox\Development\led_stripe_controller\workspace\lpc_chip_11cxx_lib\Debug\liblpc_chip_11cxx_lib.a(chip_11xx.o)
 .group         0x00000000        0x8 C:\Users\Jacob\Dropbox\Development\led_stripe_controller\workspace\lpc_chip_11cxx_lib\Debug\liblpc_chip_11cxx_lib.a(chip_11xx.o)
 .group         0x00000000        0x8 C:\Users\Jacob\Dropbox\Development\led_stripe_controller\workspace\lpc_chip_11cxx_lib\Debug\liblpc_chip_11cxx_lib.a(chip_11xx.o)
 .group         0x00000000        0x8 C:\Users\Jacob\Dropbox\Development\led_stripe_controller\workspace\lpc_chip_11cxx_lib\Debug\liblpc_chip_11cxx_lib.a(chip_11xx.o)
 .group         0x00000000        0x8 C:\Users\Jacob\Dropbox\Development\led_stripe_controller\workspace\lpc_chip_11cxx_lib\Debug\liblpc_chip_11cxx_lib.a(chip_11xx.o)
 .group         0x00000000        0x8 C:\Users\Jacob\Dropbox\Development\led_stripe_controller\workspace\lpc_chip_11cxx_lib\Debug\liblpc_chip_11cxx_lib.a(chip_11xx.o)
 .group         0x00000000        0x8 C:\Users\Jacob\Dropbox\Development\led_stripe_controller\workspace\lpc_chip_11cxx_lib\Debug\liblpc_chip_11cxx_lib.a(chip_11xx.o)
 .group         0x00000000        0x8 C:\Users\Jacob\Dropbox\Development\led_stripe_controller\workspace\lpc_chip_11cxx_lib\Debug\liblpc_chip_11cxx_lib.a(chip_11xx.o)
 .group         0x00000000        0x8 C:\Users\Jacob\Dropbox\Development\led_stripe_controller\workspace\lpc_chip_11cxx_lib\Debug\liblpc_chip_11cxx_lib.a(chip_11xx.o)
 .group         0x00000000        0x8 C:\Users\Jacob\Dropbox\Development\led_stripe_controller\workspace\lpc_chip_11cxx_lib\Debug\liblpc_chip_11cxx_lib.a(chip_11xx.o)
 .group         0x00000000        0x8 C:\Users\Jacob\Dropbox\Development\led_stripe_controller\workspace\lpc_chip_11cxx_lib\Debug\liblpc_chip_11cxx_lib.a(chip_11xx.o)
 .group         0x00000000        0x8 C:\Users\Jacob\Dropbox\Development\led_stripe_controller\workspace\lpc_chip_11cxx_lib\Debug\liblpc_chip_11cxx_lib.a(chip_11xx.o)
 .group         0x00000000        0x8 C:\Users\Jacob\Dropbox\Development\led_stripe_controller\workspace\lpc_chip_11cxx_lib\Debug\liblpc_chip_11cxx_lib.a(chip_11xx.o)
 .group         0x00000000        0x8 C:\Users\Jacob\Dropbox\Development\led_stripe_controller\workspace\lpc_chip_11cxx_lib\Debug\liblpc_chip_11cxx_lib.a(chip_11xx.o)
 .group         0x00000000        0x8 C:\Users\Jacob\Dropbox\Development\led_stripe_controller\workspace\lpc_chip_11cxx_lib\Debug\liblpc_chip_11cxx_lib.a(chip_11xx.o)
 .group         0x00000000        0x8 C:\Users\Jacob\Dropbox\Development\led_stripe_controller\workspace\lpc_chip_11cxx_lib\Debug\liblpc_chip_11cxx_lib.a(chip_11xx.o)
 .group         0x00000000        0x8 C:\Users\Jacob\Dropbox\Development\led_stripe_controller\workspace\lpc_chip_11cxx_lib\Debug\liblpc_chip_11cxx_lib.a(chip_11xx.o)
 .group         0x00000000        0x8 C:\Users\Jacob\Dropbox\Development\led_stripe_controller\workspace\lpc_chip_11cxx_lib\Debug\liblpc_chip_11cxx_lib.a(chip_11xx.o)
 .group         0x00000000        0x8 C:\Users\Jacob\Dropbox\Development\led_stripe_controller\workspace\lpc_chip_11cxx_lib\Debug\liblpc_chip_11cxx_lib.a(chip_11xx.o)
 .group         0x00000000        0x8 C:\Users\Jacob\Dropbox\Development\led_stripe_controller\workspace\lpc_chip_11cxx_lib\Debug\liblpc_chip_11cxx_lib.a(chip_11xx.o)
 .group         0x00000000        0x8 C:\Users\Jacob\Dropbox\Development\led_stripe_controller\workspace\lpc_chip_11cxx_lib\Debug\liblpc_chip_11cxx_lib.a(chip_11xx.o)
 .group         0x00000000        0x8 C:\Users\Jacob\Dropbox\Development\led_stripe_controller\workspace\lpc_chip_11cxx_lib\Debug\liblpc_chip_11cxx_lib.a(chip_11xx.o)
 .group         0x00000000        0x8 C:\Users\Jacob\Dropbox\Development\led_stripe_controller\workspace\lpc_chip_11cxx_lib\Debug\liblpc_chip_11cxx_lib.a(chip_11xx.o)
 .text          0x00000000        0x0 C:\Users\Jacob\Dropbox\Development\led_stripe_controller\workspace\lpc_chip_11cxx_lib\Debug\liblpc_chip_11cxx_lib.a(chip_11xx.o)
 .data          0x00000000        0x0 C:\Users\Jacob\Dropbox\Development\led_stripe_controller\workspace\lpc_chip_11cxx_lib\Debug\liblpc_chip_11cxx_lib.a(chip_11xx.o)
 .bss           0x00000000        0x0 C:\Users\Jacob\Dropbox\Development\led_stripe_controller\workspace\lpc_chip_11cxx_lib\Debug\liblpc_chip_11cxx_lib.a(chip_11xx.o)
 .debug_macro   0x00000000       0x10 C:\Users\Jacob\Dropbox\Development\led_stripe_controller\workspace\lpc_chip_11cxx_lib\Debug\liblpc_chip_11cxx_lib.a(chip_11xx.o)
 .debug_macro   0x00000000      0x12d C:\Users\Jacob\Dropbox\Development\led_stripe_controller\workspace\lpc_chip_11cxx_lib\Debug\liblpc_chip_11cxx_lib.a(chip_11xx.o)
 .debug_macro   0x00000000      0x5b2 C:\Users\Jacob\Dropbox\Development\led_stripe_controller\workspace\lpc_chip_11cxx_lib\Debug\liblpc_chip_11cxx_lib.a(chip_11xx.o)
 .debug_macro   0x00000000       0x22 C:\Users\Jacob\Dropbox\Development\led_stripe_controller\workspace\lpc_chip_11cxx_lib\Debug\liblpc_chip_11cxx_lib.a(chip_11xx.o)
 .debug_macro   0x00000000       0x7b C:\Users\Jacob\Dropbox\Development\led_stripe_controller\workspace\lpc_chip_11cxx_lib\Debug\liblpc_chip_11cxx_lib.a(chip_11xx.o)
 .debug_macro   0x00000000       0x10 C:\Users\Jacob\Dropbox\Development\led_stripe_controller\workspace\lpc_chip_11cxx_lib\Debug\liblpc_chip_11cxx_lib.a(chip_11xx.o)
 .debug_macro   0x00000000       0x1f C:\Users\Jacob\Dropbox\Development\led_stripe_controller\workspace\lpc_chip_11cxx_lib\Debug\liblpc_chip_11cxx_lib.a(chip_11xx.o)
 .debug_macro   0x00000000       0x3a C:\Users\Jacob\Dropbox\Development\led_stripe_controller\workspace\lpc_chip_11cxx_lib\Debug\liblpc_chip_11cxx_lib.a(chip_11xx.o)
 .debug_macro   0x00000000      0x241 C:\Users\Jacob\Dropbox\Development\led_stripe_controller\workspace\lpc_chip_11cxx_lib\Debug\liblpc_chip_11cxx_lib.a(chip_11xx.o)
 .debug_macro   0x00000000      0x117 C:\Users\Jacob\Dropbox\Development\led_stripe_controller\workspace\lpc_chip_11cxx_lib\Debug\liblpc_chip_11cxx_lib.a(chip_11xx.o)
 .debug_macro   0x00000000       0x22 C:\Users\Jacob\Dropbox\Development\led_stripe_controller\workspace\lpc_chip_11cxx_lib\Debug\liblpc_chip_11cxx_lib.a(chip_11xx.o)
 .debug_macro   0x00000000       0xb2 C:\Users\Jacob\Dropbox\Development\led_stripe_controller\workspace\lpc_chip_11cxx_lib\Debug\liblpc_chip_11cxx_lib.a(chip_11xx.o)
 .debug_macro   0x00000000       0x10 C:\Users\Jacob\Dropbox\Development\led_stripe_controller\workspace\lpc_chip_11cxx_lib\Debug\liblpc_chip_11cxx_lib.a(chip_11xx.o)
 .debug_macro   0x00000000      0x137 C:\Users\Jacob\Dropbox\Development\led_stripe_controller\workspace\lpc_chip_11cxx_lib\Debug\liblpc_chip_11cxx_lib.a(chip_11xx.o)
 .debug_macro   0x00000000       0x4c C:\Users\Jacob\Dropbox\Development\led_stripe_controller\workspace\lpc_chip_11cxx_lib\Debug\liblpc_chip_11cxx_lib.a(chip_11xx.o)
 .debug_macro   0x00000000       0x16 C:\Users\Jacob\Dropbox\Development\led_stripe_controller\workspace\lpc_chip_11cxx_lib\Debug\liblpc_chip_11cxx_lib.a(chip_11xx.o)
 .debug_macro   0x00000000      0x31a C:\Users\Jacob\Dropbox\Development\led_stripe_controller\workspace\lpc_chip_11cxx_lib\Debug\liblpc_chip_11cxx_lib.a(chip_11xx.o)
 .debug_macro   0x00000000       0x2e C:\Users\Jacob\Dropbox\Development\led_stripe_controller\workspace\lpc_chip_11cxx_lib\Debug\liblpc_chip_11cxx_lib.a(chip_11xx.o)
 .debug_macro   0x00000000       0xb8 C:\Users\Jacob\Dropbox\Development\led_stripe_controller\workspace\lpc_chip_11cxx_lib\Debug\liblpc_chip_11cxx_lib.a(chip_11xx.o)
 .debug_macro   0x00000000       0x11 C:\Users\Jacob\Dropbox\Development\led_stripe_controller\workspace\lpc_chip_11cxx_lib\Debug\liblpc_chip_11cxx_lib.a(chip_11xx.o)
 .debug_macro   0x00000000       0x7c C:\Users\Jacob\Dropbox\Development\led_stripe_controller\workspace\lpc_chip_11cxx_lib\Debug\liblpc_chip_11cxx_lib.a(chip_11xx.o)
 .debug_macro   0x00000000      0x21c C:\Users\Jacob\Dropbox\Development\led_stripe_controller\workspace\lpc_chip_11cxx_lib\Debug\liblpc_chip_11cxx_lib.a(chip_11xx.o)
 .debug_macro   0x00000000      0x113 C:\Users\Jacob\Dropbox\Development\led_stripe_controller\workspace\lpc_chip_11cxx_lib\Debug\liblpc_chip_11cxx_lib.a(chip_11xx.o)
 .group         0x00000000        0x8 C:\Users\Jacob\Dropbox\Development\led_stripe_controller\workspace\lpc_chip_11cxx_lib\Debug\liblpc_chip_11cxx_lib.a(clock_11xx.o)
 .group         0x00000000        0x8 C:\Users\Jacob\Dropbox\Development\led_stripe_controller\workspace\lpc_chip_11cxx_lib\Debug\liblpc_chip_11cxx_lib.a(clock_11xx.o)
 .group         0x00000000        0x8 C:\Users\Jacob\Dropbox\Development\led_stripe_controller\workspace\lpc_chip_11cxx_lib\Debug\liblpc_chip_11cxx_lib.a(clock_11xx.o)
 .group         0x00000000        0x8 C:\Users\Jacob\Dropbox\Development\led_stripe_controller\workspace\lpc_chip_11cxx_lib\Debug\liblpc_chip_11cxx_lib.a(clock_11xx.o)
 .group         0x00000000        0x8 C:\Users\Jacob\Dropbox\Development\led_stripe_controller\workspace\lpc_chip_11cxx_lib\Debug\liblpc_chip_11cxx_lib.a(clock_11xx.o)
 .group         0x00000000        0x8 C:\Users\Jacob\Dropbox\Development\led_stripe_controller\workspace\lpc_chip_11cxx_lib\Debug\liblpc_chip_11cxx_lib.a(clock_11xx.o)
 .group         0x00000000        0x8 C:\Users\Jacob\Dropbox\Development\led_stripe_controller\workspace\lpc_chip_11cxx_lib\Debug\liblpc_chip_11cxx_lib.a(clock_11xx.o)
 .group         0x00000000        0x8 C:\Users\Jacob\Dropbox\Development\led_stripe_controller\workspace\lpc_chip_11cxx_lib\Debug\liblpc_chip_11cxx_lib.a(clock_11xx.o)
 .group         0x00000000        0x8 C:\Users\Jacob\Dropbox\Development\led_stripe_controller\workspace\lpc_chip_11cxx_lib\Debug\liblpc_chip_11cxx_lib.a(clock_11xx.o)
 .group         0x00000000        0x8 C:\Users\Jacob\Dropbox\Development\led_stripe_controller\workspace\lpc_chip_11cxx_lib\Debug\liblpc_chip_11cxx_lib.a(clock_11xx.o)
 .group         0x00000000        0x8 C:\Users\Jacob\Dropbox\Development\led_stripe_controller\workspace\lpc_chip_11cxx_lib\Debug\liblpc_chip_11cxx_lib.a(clock_11xx.o)
 .group         0x00000000        0x8 C:\Users\Jacob\Dropbox\Development\led_stripe_controller\workspace\lpc_chip_11cxx_lib\Debug\liblpc_chip_11cxx_lib.a(clock_11xx.o)
 .group         0x00000000        0x8 C:\Users\Jacob\Dropbox\Development\led_stripe_controller\workspace\lpc_chip_11cxx_lib\Debug\liblpc_chip_11cxx_lib.a(clock_11xx.o)
 .group         0x00000000        0x8 C:\Users\Jacob\Dropbox\Development\led_stripe_controller\workspace\lpc_chip_11cxx_lib\Debug\liblpc_chip_11cxx_lib.a(clock_11xx.o)
 .group         0x00000000        0x8 C:\Users\Jacob\Dropbox\Development\led_stripe_controller\workspace\lpc_chip_11cxx_lib\Debug\liblpc_chip_11cxx_lib.a(clock_11xx.o)
 .group         0x00000000        0x8 C:\Users\Jacob\Dropbox\Development\led_stripe_controller\workspace\lpc_chip_11cxx_lib\Debug\liblpc_chip_11cxx_lib.a(clock_11xx.o)
 .group         0x00000000        0x8 C:\Users\Jacob\Dropbox\Development\led_stripe_controller\workspace\lpc_chip_11cxx_lib\Debug\liblpc_chip_11cxx_lib.a(clock_11xx.o)
 .group         0x00000000        0x8 C:\Users\Jacob\Dropbox\Development\led_stripe_controller\workspace\lpc_chip_11cxx_lib\Debug\liblpc_chip_11cxx_lib.a(clock_11xx.o)
 .group         0x00000000        0x8 C:\Users\Jacob\Dropbox\Development\led_stripe_controller\workspace\lpc_chip_11cxx_lib\Debug\liblpc_chip_11cxx_lib.a(clock_11xx.o)
 .group         0x00000000        0x8 C:\Users\Jacob\Dropbox\Development\led_stripe_controller\workspace\lpc_chip_11cxx_lib\Debug\liblpc_chip_11cxx_lib.a(clock_11xx.o)
 .group         0x00000000        0x8 C:\Users\Jacob\Dropbox\Development\led_stripe_controller\workspace\lpc_chip_11cxx_lib\Debug\liblpc_chip_11cxx_lib.a(clock_11xx.o)
 .group         0x00000000        0x8 C:\Users\Jacob\Dropbox\Development\led_stripe_controller\workspace\lpc_chip_11cxx_lib\Debug\liblpc_chip_11cxx_lib.a(clock_11xx.o)
 .group         0x00000000        0x8 C:\Users\Jacob\Dropbox\Development\led_stripe_controller\workspace\lpc_chip_11cxx_lib\Debug\liblpc_chip_11cxx_lib.a(clock_11xx.o)
 .group         0x00000000        0x8 C:\Users\Jacob\Dropbox\Development\led_stripe_controller\workspace\lpc_chip_11cxx_lib\Debug\liblpc_chip_11cxx_lib.a(clock_11xx.o)
 .text          0x00000000        0x0 C:\Users\Jacob\Dropbox\Development\led_stripe_controller\workspace\lpc_chip_11cxx_lib\Debug\liblpc_chip_11cxx_lib.a(clock_11xx.o)
 .data          0x00000000        0x0 C:\Users\Jacob\Dropbox\Development\led_stripe_controller\workspace\lpc_chip_11cxx_lib\Debug\liblpc_chip_11cxx_lib.a(clock_11xx.o)
 .bss           0x00000000        0x0 C:\Users\Jacob\Dropbox\Development\led_stripe_controller\workspace\lpc_chip_11cxx_lib\Debug\liblpc_chip_11cxx_lib.a(clock_11xx.o)
 .text.Chip_Clock_SetPLLBypass
                0x00000000       0x48 C:\Users\Jacob\Dropbox\Development\led_stripe_controller\workspace\lpc_chip_11cxx_lib\Debug\liblpc_chip_11cxx_lib.a(clock_11xx.o)
 .text.Chip_Clock_SetWDTClockSource
                0x00000000       0x3c C:\Users\Jacob\Dropbox\Development\led_stripe_controller\workspace\lpc_chip_11cxx_lib\Debug\liblpc_chip_11cxx_lib.a(clock_11xx.o)
 .text.Chip_Clock_SetCLKOUTSource
                0x00000000       0x3c C:\Users\Jacob\Dropbox\Development\led_stripe_controller\workspace\lpc_chip_11cxx_lib\Debug\liblpc_chip_11cxx_lib.a(clock_11xx.o)
 .debug_macro   0x00000000      0x832 C:\Users\Jacob\Dropbox\Development\led_stripe_controller\workspace\lpc_chip_11cxx_lib\Debug\liblpc_chip_11cxx_lib.a(clock_11xx.o)
 .debug_macro   0x00000000       0x10 C:\Users\Jacob\Dropbox\Development\led_stripe_controller\workspace\lpc_chip_11cxx_lib\Debug\liblpc_chip_11cxx_lib.a(clock_11xx.o)
 .debug_macro   0x00000000      0x12d C:\Users\Jacob\Dropbox\Development\led_stripe_controller\workspace\lpc_chip_11cxx_lib\Debug\liblpc_chip_11cxx_lib.a(clock_11xx.o)
 .debug_macro   0x00000000      0x5b2 C:\Users\Jacob\Dropbox\Development\led_stripe_controller\workspace\lpc_chip_11cxx_lib\Debug\liblpc_chip_11cxx_lib.a(clock_11xx.o)
 .debug_macro   0x00000000       0x22 C:\Users\Jacob\Dropbox\Development\led_stripe_controller\workspace\lpc_chip_11cxx_lib\Debug\liblpc_chip_11cxx_lib.a(clock_11xx.o)
 .debug_macro   0x00000000       0x7b C:\Users\Jacob\Dropbox\Development\led_stripe_controller\workspace\lpc_chip_11cxx_lib\Debug\liblpc_chip_11cxx_lib.a(clock_11xx.o)
 .debug_macro   0x00000000       0x10 C:\Users\Jacob\Dropbox\Development\led_stripe_controller\workspace\lpc_chip_11cxx_lib\Debug\liblpc_chip_11cxx_lib.a(clock_11xx.o)
 .debug_macro   0x00000000       0x1f C:\Users\Jacob\Dropbox\Development\led_stripe_controller\workspace\lpc_chip_11cxx_lib\Debug\liblpc_chip_11cxx_lib.a(clock_11xx.o)
 .debug_macro   0x00000000       0x3a C:\Users\Jacob\Dropbox\Development\led_stripe_controller\workspace\lpc_chip_11cxx_lib\Debug\liblpc_chip_11cxx_lib.a(clock_11xx.o)
 .debug_macro   0x00000000      0x241 C:\Users\Jacob\Dropbox\Development\led_stripe_controller\workspace\lpc_chip_11cxx_lib\Debug\liblpc_chip_11cxx_lib.a(clock_11xx.o)
 .debug_macro   0x00000000      0x117 C:\Users\Jacob\Dropbox\Development\led_stripe_controller\workspace\lpc_chip_11cxx_lib\Debug\liblpc_chip_11cxx_lib.a(clock_11xx.o)
 .debug_macro   0x00000000       0x22 C:\Users\Jacob\Dropbox\Development\led_stripe_controller\workspace\lpc_chip_11cxx_lib\Debug\liblpc_chip_11cxx_lib.a(clock_11xx.o)
 .debug_macro   0x00000000       0xb2 C:\Users\Jacob\Dropbox\Development\led_stripe_controller\workspace\lpc_chip_11cxx_lib\Debug\liblpc_chip_11cxx_lib.a(clock_11xx.o)
 .debug_macro   0x00000000       0x10 C:\Users\Jacob\Dropbox\Development\led_stripe_controller\workspace\lpc_chip_11cxx_lib\Debug\liblpc_chip_11cxx_lib.a(clock_11xx.o)
 .debug_macro   0x00000000      0x137 C:\Users\Jacob\Dropbox\Development\led_stripe_controller\workspace\lpc_chip_11cxx_lib\Debug\liblpc_chip_11cxx_lib.a(clock_11xx.o)
 .debug_macro   0x00000000       0x4c C:\Users\Jacob\Dropbox\Development\led_stripe_controller\workspace\lpc_chip_11cxx_lib\Debug\liblpc_chip_11cxx_lib.a(clock_11xx.o)
 .debug_macro   0x00000000       0x16 C:\Users\Jacob\Dropbox\Development\led_stripe_controller\workspace\lpc_chip_11cxx_lib\Debug\liblpc_chip_11cxx_lib.a(clock_11xx.o)
 .debug_macro   0x00000000      0x31a C:\Users\Jacob\Dropbox\Development\led_stripe_controller\workspace\lpc_chip_11cxx_lib\Debug\liblpc_chip_11cxx_lib.a(clock_11xx.o)
 .debug_macro   0x00000000       0x2e C:\Users\Jacob\Dropbox\Development\led_stripe_controller\workspace\lpc_chip_11cxx_lib\Debug\liblpc_chip_11cxx_lib.a(clock_11xx.o)
 .debug_macro   0x00000000       0xb8 C:\Users\Jacob\Dropbox\Development\led_stripe_controller\workspace\lpc_chip_11cxx_lib\Debug\liblpc_chip_11cxx_lib.a(clock_11xx.o)
 .debug_macro   0x00000000       0x11 C:\Users\Jacob\Dropbox\Development\led_stripe_controller\workspace\lpc_chip_11cxx_lib\Debug\liblpc_chip_11cxx_lib.a(clock_11xx.o)
 .debug_macro   0x00000000       0x7c C:\Users\Jacob\Dropbox\Development\led_stripe_controller\workspace\lpc_chip_11cxx_lib\Debug\liblpc_chip_11cxx_lib.a(clock_11xx.o)
 .debug_macro   0x00000000      0x21c C:\Users\Jacob\Dropbox\Development\led_stripe_controller\workspace\lpc_chip_11cxx_lib\Debug\liblpc_chip_11cxx_lib.a(clock_11xx.o)
 .debug_macro   0x00000000      0x113 C:\Users\Jacob\Dropbox\Development\led_stripe_controller\workspace\lpc_chip_11cxx_lib\Debug\liblpc_chip_11cxx_lib.a(clock_11xx.o)
 .group         0x00000000        0x8 C:\Users\Jacob\Dropbox\Development\led_stripe_controller\workspace\nxp_lpcxpresso_11c24_board_lib\Debug\libnxp_lpcxpresso_11c24_board_lib.a(board.o)
 .group         0x00000000        0x8 C:\Users\Jacob\Dropbox\Development\led_stripe_controller\workspace\nxp_lpcxpresso_11c24_board_lib\Debug\libnxp_lpcxpresso_11c24_board_lib.a(board.o)
 .group         0x00000000        0x8 C:\Users\Jacob\Dropbox\Development\led_stripe_controller\workspace\nxp_lpcxpresso_11c24_board_lib\Debug\libnxp_lpcxpresso_11c24_board_lib.a(board.o)
 .group         0x00000000        0x8 C:\Users\Jacob\Dropbox\Development\led_stripe_controller\workspace\nxp_lpcxpresso_11c24_board_lib\Debug\libnxp_lpcxpresso_11c24_board_lib.a(board.o)
 .group         0x00000000        0x8 C:\Users\Jacob\Dropbox\Development\led_stripe_controller\workspace\nxp_lpcxpresso_11c24_board_lib\Debug\libnxp_lpcxpresso_11c24_board_lib.a(board.o)
 .group         0x00000000        0x8 C:\Users\Jacob\Dropbox\Development\led_stripe_controller\workspace\nxp_lpcxpresso_11c24_board_lib\Debug\libnxp_lpcxpresso_11c24_board_lib.a(board.o)
 .group         0x00000000        0x8 C:\Users\Jacob\Dropbox\Development\led_stripe_controller\workspace\nxp_lpcxpresso_11c24_board_lib\Debug\libnxp_lpcxpresso_11c24_board_lib.a(board.o)
 .group         0x00000000        0x8 C:\Users\Jacob\Dropbox\Development\led_stripe_controller\workspace\nxp_lpcxpresso_11c24_board_lib\Debug\libnxp_lpcxpresso_11c24_board_lib.a(board.o)
 .group         0x00000000        0x8 C:\Users\Jacob\Dropbox\Development\led_stripe_controller\workspace\nxp_lpcxpresso_11c24_board_lib\Debug\libnxp_lpcxpresso_11c24_board_lib.a(board.o)
 .group         0x00000000        0x8 C:\Users\Jacob\Dropbox\Development\led_stripe_controller\workspace\nxp_lpcxpresso_11c24_board_lib\Debug\libnxp_lpcxpresso_11c24_board_lib.a(board.o)
 .group         0x00000000        0x8 C:\Users\Jacob\Dropbox\Development\led_stripe_controller\workspace\nxp_lpcxpresso_11c24_board_lib\Debug\libnxp_lpcxpresso_11c24_board_lib.a(board.o)
 .group         0x00000000        0x8 C:\Users\Jacob\Dropbox\Development\led_stripe_controller\workspace\nxp_lpcxpresso_11c24_board_lib\Debug\libnxp_lpcxpresso_11c24_board_lib.a(board.o)
 .group         0x00000000        0x8 C:\Users\Jacob\Dropbox\Development\led_stripe_controller\workspace\nxp_lpcxpresso_11c24_board_lib\Debug\libnxp_lpcxpresso_11c24_board_lib.a(board.o)
 .group         0x00000000        0x8 C:\Users\Jacob\Dropbox\Development\led_stripe_controller\workspace\nxp_lpcxpresso_11c24_board_lib\Debug\libnxp_lpcxpresso_11c24_board_lib.a(board.o)
 .group         0x00000000        0x8 C:\Users\Jacob\Dropbox\Development\led_stripe_controller\workspace\nxp_lpcxpresso_11c24_board_lib\Debug\libnxp_lpcxpresso_11c24_board_lib.a(board.o)
 .group         0x00000000        0x8 C:\Users\Jacob\Dropbox\Development\led_stripe_controller\workspace\nxp_lpcxpresso_11c24_board_lib\Debug\libnxp_lpcxpresso_11c24_board_lib.a(board.o)
 .group         0x00000000        0x8 C:\Users\Jacob\Dropbox\Development\led_stripe_controller\workspace\nxp_lpcxpresso_11c24_board_lib\Debug\libnxp_lpcxpresso_11c24_board_lib.a(board.o)
 .group         0x00000000        0x8 C:\Users\Jacob\Dropbox\Development\led_stripe_controller\workspace\nxp_lpcxpresso_11c24_board_lib\Debug\libnxp_lpcxpresso_11c24_board_lib.a(board.o)
 .group         0x00000000        0x8 C:\Users\Jacob\Dropbox\Development\led_stripe_controller\workspace\nxp_lpcxpresso_11c24_board_lib\Debug\libnxp_lpcxpresso_11c24_board_lib.a(board.o)
 .group         0x00000000        0x8 C:\Users\Jacob\Dropbox\Development\led_stripe_controller\workspace\nxp_lpcxpresso_11c24_board_lib\Debug\libnxp_lpcxpresso_11c24_board_lib.a(board.o)
 .group         0x00000000        0x8 C:\Users\Jacob\Dropbox\Development\led_stripe_controller\workspace\nxp_lpcxpresso_11c24_board_lib\Debug\libnxp_lpcxpresso_11c24_board_lib.a(board.o)
 .group         0x00000000        0x8 C:\Users\Jacob\Dropbox\Development\led_stripe_controller\workspace\nxp_lpcxpresso_11c24_board_lib\Debug\libnxp_lpcxpresso_11c24_board_lib.a(board.o)
 .group         0x00000000        0x8 C:\Users\Jacob\Dropbox\Development\led_stripe_controller\workspace\nxp_lpcxpresso_11c24_board_lib\Debug\libnxp_lpcxpresso_11c24_board_lib.a(board.o)
 .group         0x00000000        0x8 C:\Users\Jacob\Dropbox\Development\led_stripe_controller\workspace\nxp_lpcxpresso_11c24_board_lib\Debug\libnxp_lpcxpresso_11c24_board_lib.a(board.o)
 .group         0x00000000        0x8 C:\Users\Jacob\Dropbox\Development\led_stripe_controller\workspace\nxp_lpcxpresso_11c24_board_lib\Debug\libnxp_lpcxpresso_11c24_board_lib.a(board.o)
 .group         0x00000000        0x8 C:\Users\Jacob\Dropbox\Development\led_stripe_controller\workspace\nxp_lpcxpresso_11c24_board_lib\Debug\libnxp_lpcxpresso_11c24_board_lib.a(board.o)
 .group         0x00000000        0x8 C:\Users\Jacob\Dropbox\Development\led_stripe_controller\workspace\nxp_lpcxpresso_11c24_board_lib\Debug\libnxp_lpcxpresso_11c24_board_lib.a(board.o)
 .group         0x00000000        0x8 C:\Users\Jacob\Dropbox\Development\led_stripe_controller\workspace\nxp_lpcxpresso_11c24_board_lib\Debug\libnxp_lpcxpresso_11c24_board_lib.a(board.o)
 .text          0x00000000        0x0 C:\Users\Jacob\Dropbox\Development\led_stripe_controller\workspace\nxp_lpcxpresso_11c24_board_lib\Debug\libnxp_lpcxpresso_11c24_board_lib.a(board.o)
 .data          0x00000000        0x0 C:\Users\Jacob\Dropbox\Development\led_stripe_controller\workspace\nxp_lpcxpresso_11c24_board_lib\Debug\libnxp_lpcxpresso_11c24_board_lib.a(board.o)
 .bss           0x00000000        0x0 C:\Users\Jacob\Dropbox\Development\led_stripe_controller\workspace\nxp_lpcxpresso_11c24_board_lib\Debug\libnxp_lpcxpresso_11c24_board_lib.a(board.o)
 .text.Chip_IOCON_PinMuxSet
                0x00000000       0x28 C:\Users\Jacob\Dropbox\Development\led_stripe_controller\workspace\nxp_lpcxpresso_11c24_board_lib\Debug\libnxp_lpcxpresso_11c24_board_lib.a(board.o)
 .text.Chip_UART_TXEnable
                0x00000000       0x14 C:\Users\Jacob\Dropbox\Development\led_stripe_controller\workspace\nxp_lpcxpresso_11c24_board_lib\Debug\libnxp_lpcxpresso_11c24_board_lib.a(board.o)
 .text.Chip_UART_SetupFIFOS
                0x00000000       0x18 C:\Users\Jacob\Dropbox\Development\led_stripe_controller\workspace\nxp_lpcxpresso_11c24_board_lib\Debug\libnxp_lpcxpresso_11c24_board_lib.a(board.o)
 .text.Chip_UART_ConfigData
                0x00000000       0x18 C:\Users\Jacob\Dropbox\Development\led_stripe_controller\workspace\nxp_lpcxpresso_11c24_board_lib\Debug\libnxp_lpcxpresso_11c24_board_lib.a(board.o)
 .text.Chip_GPIO_GetPinState
                0x00000000       0x40 C:\Users\Jacob\Dropbox\Development\led_stripe_controller\workspace\nxp_lpcxpresso_11c24_board_lib\Debug\libnxp_lpcxpresso_11c24_board_lib.a(board.o)
 .text.Chip_GPIO_SetPinToggle
                0x00000000       0x5c C:\Users\Jacob\Dropbox\Development\led_stripe_controller\workspace\nxp_lpcxpresso_11c24_board_lib\Debug\libnxp_lpcxpresso_11c24_board_lib.a(board.o)
 .text.__sys_write
                0x00000000       0x18 C:\Users\Jacob\Dropbox\Development\led_stripe_controller\workspace\nxp_lpcxpresso_11c24_board_lib\Debug\libnxp_lpcxpresso_11c24_board_lib.a(board.o)
 .text.__sys_readc
                0x00000000       0x10 C:\Users\Jacob\Dropbox\Development\led_stripe_controller\workspace\nxp_lpcxpresso_11c24_board_lib\Debug\libnxp_lpcxpresso_11c24_board_lib.a(board.o)
 .rodata.ExtRateIn
                0x00000000        0x4 C:\Users\Jacob\Dropbox\Development\led_stripe_controller\workspace\nxp_lpcxpresso_11c24_board_lib\Debug\libnxp_lpcxpresso_11c24_board_lib.a(board.o)
 .text.Board_UARTPutChar
                0x00000000       0x24 C:\Users\Jacob\Dropbox\Development\led_stripe_controller\workspace\nxp_lpcxpresso_11c24_board_lib\Debug\libnxp_lpcxpresso_11c24_board_lib.a(board.o)
 .text.Board_UARTGetChar
                0x00000000       0x30 C:\Users\Jacob\Dropbox\Development\led_stripe_controller\workspace\nxp_lpcxpresso_11c24_board_lib\Debug\libnxp_lpcxpresso_11c24_board_lib.a(board.o)
 .text.Board_UARTPutSTR
                0x00000000       0x28 C:\Users\Jacob\Dropbox\Development\led_stripe_controller\workspace\nxp_lpcxpresso_11c24_board_lib\Debug\libnxp_lpcxpresso_11c24_board_lib.a(board.o)
 .text.Board_Debug_Init
                0x00000000       0x5c C:\Users\Jacob\Dropbox\Development\led_stripe_controller\workspace\nxp_lpcxpresso_11c24_board_lib\Debug\libnxp_lpcxpresso_11c24_board_lib.a(board.o)
 .text.Board_LED_Test
                0x00000000       0x24 C:\Users\Jacob\Dropbox\Development\led_stripe_controller\workspace\nxp_lpcxpresso_11c24_board_lib\Debug\libnxp_lpcxpresso_11c24_board_lib.a(board.o)
 .text.Board_LED_Toggle
                0x00000000       0x28 C:\Users\Jacob\Dropbox\Development\led_stripe_controller\workspace\nxp_lpcxpresso_11c24_board_lib\Debug\libnxp_lpcxpresso_11c24_board_lib.a(board.o)
 .debug_macro   0x00000000      0x832 C:\Users\Jacob\Dropbox\Development\led_stripe_controller\workspace\nxp_lpcxpresso_11c24_board_lib\Debug\libnxp_lpcxpresso_11c24_board_lib.a(board.o)
 .debug_macro   0x00000000       0x10 C:\Users\Jacob\Dropbox\Development\led_stripe_controller\workspace\nxp_lpcxpresso_11c24_board_lib\Debug\libnxp_lpcxpresso_11c24_board_lib.a(board.o)
 .debug_macro   0x00000000      0x12d C:\Users\Jacob\Dropbox\Development\led_stripe_controller\workspace\nxp_lpcxpresso_11c24_board_lib\Debug\libnxp_lpcxpresso_11c24_board_lib.a(board.o)
 .debug_macro   0x00000000      0x5b2 C:\Users\Jacob\Dropbox\Development\led_stripe_controller\workspace\nxp_lpcxpresso_11c24_board_lib\Debug\libnxp_lpcxpresso_11c24_board_lib.a(board.o)
 .debug_macro   0x00000000       0x22 C:\Users\Jacob\Dropbox\Development\led_stripe_controller\workspace\nxp_lpcxpresso_11c24_board_lib\Debug\libnxp_lpcxpresso_11c24_board_lib.a(board.o)
 .debug_macro   0x00000000       0x7b C:\Users\Jacob\Dropbox\Development\led_stripe_controller\workspace\nxp_lpcxpresso_11c24_board_lib\Debug\libnxp_lpcxpresso_11c24_board_lib.a(board.o)
 .debug_macro   0x00000000       0x10 C:\Users\Jacob\Dropbox\Development\led_stripe_controller\workspace\nxp_lpcxpresso_11c24_board_lib\Debug\libnxp_lpcxpresso_11c24_board_lib.a(board.o)
 .debug_macro   0x00000000       0x1f C:\Users\Jacob\Dropbox\Development\led_stripe_controller\workspace\nxp_lpcxpresso_11c24_board_lib\Debug\libnxp_lpcxpresso_11c24_board_lib.a(board.o)
 .debug_macro   0x00000000       0x3a C:\Users\Jacob\Dropbox\Development\led_stripe_controller\workspace\nxp_lpcxpresso_11c24_board_lib\Debug\libnxp_lpcxpresso_11c24_board_lib.a(board.o)
 .debug_macro   0x00000000      0x241 C:\Users\Jacob\Dropbox\Development\led_stripe_controller\workspace\nxp_lpcxpresso_11c24_board_lib\Debug\libnxp_lpcxpresso_11c24_board_lib.a(board.o)
 .debug_macro   0x00000000      0x117 C:\Users\Jacob\Dropbox\Development\led_stripe_controller\workspace\nxp_lpcxpresso_11c24_board_lib\Debug\libnxp_lpcxpresso_11c24_board_lib.a(board.o)
 .debug_macro   0x00000000       0x22 C:\Users\Jacob\Dropbox\Development\led_stripe_controller\workspace\nxp_lpcxpresso_11c24_board_lib\Debug\libnxp_lpcxpresso_11c24_board_lib.a(board.o)
 .debug_macro   0x00000000       0xb2 C:\Users\Jacob\Dropbox\Development\led_stripe_controller\workspace\nxp_lpcxpresso_11c24_board_lib\Debug\libnxp_lpcxpresso_11c24_board_lib.a(board.o)
 .debug_macro   0x00000000       0x10 C:\Users\Jacob\Dropbox\Development\led_stripe_controller\workspace\nxp_lpcxpresso_11c24_board_lib\Debug\libnxp_lpcxpresso_11c24_board_lib.a(board.o)
 .debug_macro   0x00000000      0x137 C:\Users\Jacob\Dropbox\Development\led_stripe_controller\workspace\nxp_lpcxpresso_11c24_board_lib\Debug\libnxp_lpcxpresso_11c24_board_lib.a(board.o)
 .debug_macro   0x00000000       0x4c C:\Users\Jacob\Dropbox\Development\led_stripe_controller\workspace\nxp_lpcxpresso_11c24_board_lib\Debug\libnxp_lpcxpresso_11c24_board_lib.a(board.o)
 .debug_macro   0x00000000       0x16 C:\Users\Jacob\Dropbox\Development\led_stripe_controller\workspace\nxp_lpcxpresso_11c24_board_lib\Debug\libnxp_lpcxpresso_11c24_board_lib.a(board.o)
 .debug_macro   0x00000000      0x31a C:\Users\Jacob\Dropbox\Development\led_stripe_controller\workspace\nxp_lpcxpresso_11c24_board_lib\Debug\libnxp_lpcxpresso_11c24_board_lib.a(board.o)
 .debug_macro   0x00000000       0x2e C:\Users\Jacob\Dropbox\Development\led_stripe_controller\workspace\nxp_lpcxpresso_11c24_board_lib\Debug\libnxp_lpcxpresso_11c24_board_lib.a(board.o)
 .debug_macro   0x00000000       0xb8 C:\Users\Jacob\Dropbox\Development\led_stripe_controller\workspace\nxp_lpcxpresso_11c24_board_lib\Debug\libnxp_lpcxpresso_11c24_board_lib.a(board.o)
 .debug_macro   0x00000000       0x11 C:\Users\Jacob\Dropbox\Development\led_stripe_controller\workspace\nxp_lpcxpresso_11c24_board_lib\Debug\libnxp_lpcxpresso_11c24_board_lib.a(board.o)
 .debug_macro   0x00000000       0x7c C:\Users\Jacob\Dropbox\Development\led_stripe_controller\workspace\nxp_lpcxpresso_11c24_board_lib\Debug\libnxp_lpcxpresso_11c24_board_lib.a(board.o)
 .debug_macro   0x00000000      0x21c C:\Users\Jacob\Dropbox\Development\led_stripe_controller\workspace\nxp_lpcxpresso_11c24_board_lib\Debug\libnxp_lpcxpresso_11c24_board_lib.a(board.o)
 .debug_macro   0x00000000      0x113 C:\Users\Jacob\Dropbox\Development\led_stripe_controller\workspace\nxp_lpcxpresso_11c24_board_lib\Debug\libnxp_lpcxpresso_11c24_board_lib.a(board.o)
 .debug_macro   0x00000000       0x10 C:\Users\Jacob\Dropbox\Development\led_stripe_controller\workspace\nxp_lpcxpresso_11c24_board_lib\Debug\libnxp_lpcxpresso_11c24_board_lib.a(board.o)
 .debug_macro   0x00000000       0x9a C:\Users\Jacob\Dropbox\Development\led_stripe_controller\workspace\nxp_lpcxpresso_11c24_board_lib\Debug\libnxp_lpcxpresso_11c24_board_lib.a(board.o)
 .debug_macro   0x00000000       0x20 C:\Users\Jacob\Dropbox\Development\led_stripe_controller\workspace\nxp_lpcxpresso_11c24_board_lib\Debug\libnxp_lpcxpresso_11c24_board_lib.a(board.o)
 .group         0x00000000        0x8 C:\Users\Jacob\Dropbox\Development\led_stripe_controller\workspace\nxp_lpcxpresso_11c24_board_lib\Debug\libnxp_lpcxpresso_11c24_board_lib.a(board_sysinit.o)
 .group         0x00000000        0x8 C:\Users\Jacob\Dropbox\Development\led_stripe_controller\workspace\nxp_lpcxpresso_11c24_board_lib\Debug\libnxp_lpcxpresso_11c24_board_lib.a(board_sysinit.o)
 .group         0x00000000        0x8 C:\Users\Jacob\Dropbox\Development\led_stripe_controller\workspace\nxp_lpcxpresso_11c24_board_lib\Debug\libnxp_lpcxpresso_11c24_board_lib.a(board_sysinit.o)
 .group         0x00000000        0x8 C:\Users\Jacob\Dropbox\Development\led_stripe_controller\workspace\nxp_lpcxpresso_11c24_board_lib\Debug\libnxp_lpcxpresso_11c24_board_lib.a(board_sysinit.o)
 .group         0x00000000        0x8 C:\Users\Jacob\Dropbox\Development\led_stripe_controller\workspace\nxp_lpcxpresso_11c24_board_lib\Debug\libnxp_lpcxpresso_11c24_board_lib.a(board_sysinit.o)
 .group         0x00000000        0x8 C:\Users\Jacob\Dropbox\Development\led_stripe_controller\workspace\nxp_lpcxpresso_11c24_board_lib\Debug\libnxp_lpcxpresso_11c24_board_lib.a(board_sysinit.o)
 .group         0x00000000        0x8 C:\Users\Jacob\Dropbox\Development\led_stripe_controller\workspace\nxp_lpcxpresso_11c24_board_lib\Debug\libnxp_lpcxpresso_11c24_board_lib.a(board_sysinit.o)
 .group         0x00000000        0x8 C:\Users\Jacob\Dropbox\Development\led_stripe_controller\workspace\nxp_lpcxpresso_11c24_board_lib\Debug\libnxp_lpcxpresso_11c24_board_lib.a(board_sysinit.o)
 .group         0x00000000        0x8 C:\Users\Jacob\Dropbox\Development\led_stripe_controller\workspace\nxp_lpcxpresso_11c24_board_lib\Debug\libnxp_lpcxpresso_11c24_board_lib.a(board_sysinit.o)
 .group         0x00000000        0x8 C:\Users\Jacob\Dropbox\Development\led_stripe_controller\workspace\nxp_lpcxpresso_11c24_board_lib\Debug\libnxp_lpcxpresso_11c24_board_lib.a(board_sysinit.o)
 .group         0x00000000        0x8 C:\Users\Jacob\Dropbox\Development\led_stripe_controller\workspace\nxp_lpcxpresso_11c24_board_lib\Debug\libnxp_lpcxpresso_11c24_board_lib.a(board_sysinit.o)
 .group         0x00000000        0x8 C:\Users\Jacob\Dropbox\Development\led_stripe_controller\workspace\nxp_lpcxpresso_11c24_board_lib\Debug\libnxp_lpcxpresso_11c24_board_lib.a(board_sysinit.o)
 .group         0x00000000        0x8 C:\Users\Jacob\Dropbox\Development\led_stripe_controller\workspace\nxp_lpcxpresso_11c24_board_lib\Debug\libnxp_lpcxpresso_11c24_board_lib.a(board_sysinit.o)
 .group         0x00000000        0x8 C:\Users\Jacob\Dropbox\Development\led_stripe_controller\workspace\nxp_lpcxpresso_11c24_board_lib\Debug\libnxp_lpcxpresso_11c24_board_lib.a(board_sysinit.o)
 .group         0x00000000        0x8 C:\Users\Jacob\Dropbox\Development\led_stripe_controller\workspace\nxp_lpcxpresso_11c24_board_lib\Debug\libnxp_lpcxpresso_11c24_board_lib.a(board_sysinit.o)
 .group         0x00000000        0x8 C:\Users\Jacob\Dropbox\Development\led_stripe_controller\workspace\nxp_lpcxpresso_11c24_board_lib\Debug\libnxp_lpcxpresso_11c24_board_lib.a(board_sysinit.o)
 .group         0x00000000        0x8 C:\Users\Jacob\Dropbox\Development\led_stripe_controller\workspace\nxp_lpcxpresso_11c24_board_lib\Debug\libnxp_lpcxpresso_11c24_board_lib.a(board_sysinit.o)
 .group         0x00000000        0x8 C:\Users\Jacob\Dropbox\Development\led_stripe_controller\workspace\nxp_lpcxpresso_11c24_board_lib\Debug\libnxp_lpcxpresso_11c24_board_lib.a(board_sysinit.o)
 .group         0x00000000        0x8 C:\Users\Jacob\Dropbox\Development\led_stripe_controller\workspace\nxp_lpcxpresso_11c24_board_lib\Debug\libnxp_lpcxpresso_11c24_board_lib.a(board_sysinit.o)
 .group         0x00000000        0x8 C:\Users\Jacob\Dropbox\Development\led_stripe_controller\workspace\nxp_lpcxpresso_11c24_board_lib\Debug\libnxp_lpcxpresso_11c24_board_lib.a(board_sysinit.o)
 .group         0x00000000        0x8 C:\Users\Jacob\Dropbox\Development\led_stripe_controller\workspace\nxp_lpcxpresso_11c24_board_lib\Debug\libnxp_lpcxpresso_11c24_board_lib.a(board_sysinit.o)
 .group         0x00000000        0x8 C:\Users\Jacob\Dropbox\Development\led_stripe_controller\workspace\nxp_lpcxpresso_11c24_board_lib\Debug\libnxp_lpcxpresso_11c24_board_lib.a(board_sysinit.o)
 .group         0x00000000        0x8 C:\Users\Jacob\Dropbox\Development\led_stripe_controller\workspace\nxp_lpcxpresso_11c24_board_lib\Debug\libnxp_lpcxpresso_11c24_board_lib.a(board_sysinit.o)
 .group         0x00000000        0x8 C:\Users\Jacob\Dropbox\Development\led_stripe_controller\workspace\nxp_lpcxpresso_11c24_board_lib\Debug\libnxp_lpcxpresso_11c24_board_lib.a(board_sysinit.o)
 .group         0x00000000        0x8 C:\Users\Jacob\Dropbox\Development\led_stripe_controller\workspace\nxp_lpcxpresso_11c24_board_lib\Debug\libnxp_lpcxpresso_11c24_board_lib.a(board_sysinit.o)
 .group         0x00000000        0x8 C:\Users\Jacob\Dropbox\Development\led_stripe_controller\workspace\nxp_lpcxpresso_11c24_board_lib\Debug\libnxp_lpcxpresso_11c24_board_lib.a(board_sysinit.o)
 .group         0x00000000        0x8 C:\Users\Jacob\Dropbox\Development\led_stripe_controller\workspace\nxp_lpcxpresso_11c24_board_lib\Debug\libnxp_lpcxpresso_11c24_board_lib.a(board_sysinit.o)
 .text          0x00000000        0x0 C:\Users\Jacob\Dropbox\Development\led_stripe_controller\workspace\nxp_lpcxpresso_11c24_board_lib\Debug\libnxp_lpcxpresso_11c24_board_lib.a(board_sysinit.o)
 .data          0x00000000        0x0 C:\Users\Jacob\Dropbox\Development\led_stripe_controller\workspace\nxp_lpcxpresso_11c24_board_lib\Debug\libnxp_lpcxpresso_11c24_board_lib.a(board_sysinit.o)
 .bss           0x00000000        0x0 C:\Users\Jacob\Dropbox\Development\led_stripe_controller\workspace\nxp_lpcxpresso_11c24_board_lib\Debug\libnxp_lpcxpresso_11c24_board_lib.a(board_sysinit.o)
 .debug_macro   0x00000000      0x832 C:\Users\Jacob\Dropbox\Development\led_stripe_controller\workspace\nxp_lpcxpresso_11c24_board_lib\Debug\libnxp_lpcxpresso_11c24_board_lib.a(board_sysinit.o)
 .debug_macro   0x00000000       0x10 C:\Users\Jacob\Dropbox\Development\led_stripe_controller\workspace\nxp_lpcxpresso_11c24_board_lib\Debug\libnxp_lpcxpresso_11c24_board_lib.a(board_sysinit.o)
 .debug_macro   0x00000000      0x12d C:\Users\Jacob\Dropbox\Development\led_stripe_controller\workspace\nxp_lpcxpresso_11c24_board_lib\Debug\libnxp_lpcxpresso_11c24_board_lib.a(board_sysinit.o)
 .debug_macro   0x00000000      0x5b2 C:\Users\Jacob\Dropbox\Development\led_stripe_controller\workspace\nxp_lpcxpresso_11c24_board_lib\Debug\libnxp_lpcxpresso_11c24_board_lib.a(board_sysinit.o)
 .debug_macro   0x00000000       0x22 C:\Users\Jacob\Dropbox\Development\led_stripe_controller\workspace\nxp_lpcxpresso_11c24_board_lib\Debug\libnxp_lpcxpresso_11c24_board_lib.a(board_sysinit.o)
 .debug_macro   0x00000000       0x7b C:\Users\Jacob\Dropbox\Development\led_stripe_controller\workspace\nxp_lpcxpresso_11c24_board_lib\Debug\libnxp_lpcxpresso_11c24_board_lib.a(board_sysinit.o)
 .debug_macro   0x00000000       0x10 C:\Users\Jacob\Dropbox\Development\led_stripe_controller\workspace\nxp_lpcxpresso_11c24_board_lib\Debug\libnxp_lpcxpresso_11c24_board_lib.a(board_sysinit.o)
 .debug_macro   0x00000000       0x1f C:\Users\Jacob\Dropbox\Development\led_stripe_controller\workspace\nxp_lpcxpresso_11c24_board_lib\Debug\libnxp_lpcxpresso_11c24_board_lib.a(board_sysinit.o)
 .debug_macro   0x00000000       0x3a C:\Users\Jacob\Dropbox\Development\led_stripe_controller\workspace\nxp_lpcxpresso_11c24_board_lib\Debug\libnxp_lpcxpresso_11c24_board_lib.a(board_sysinit.o)
 .debug_macro   0x00000000      0x241 C:\Users\Jacob\Dropbox\Development\led_stripe_controller\workspace\nxp_lpcxpresso_11c24_board_lib\Debug\libnxp_lpcxpresso_11c24_board_lib.a(board_sysinit.o)
 .debug_macro   0x00000000      0x117 C:\Users\Jacob\Dropbox\Development\led_stripe_controller\workspace\nxp_lpcxpresso_11c24_board_lib\Debug\libnxp_lpcxpresso_11c24_board_lib.a(board_sysinit.o)
 .debug_macro   0x00000000       0x22 C:\Users\Jacob\Dropbox\Development\led_stripe_controller\workspace\nxp_lpcxpresso_11c24_board_lib\Debug\libnxp_lpcxpresso_11c24_board_lib.a(board_sysinit.o)
 .debug_macro   0x00000000       0xb2 C:\Users\Jacob\Dropbox\Development\led_stripe_controller\workspace\nxp_lpcxpresso_11c24_board_lib\Debug\libnxp_lpcxpresso_11c24_board_lib.a(board_sysinit.o)
 .debug_macro   0x00000000       0x10 C:\Users\Jacob\Dropbox\Development\led_stripe_controller\workspace\nxp_lpcxpresso_11c24_board_lib\Debug\libnxp_lpcxpresso_11c24_board_lib.a(board_sysinit.o)
 .debug_macro   0x00000000      0x137 C:\Users\Jacob\Dropbox\Development\led_stripe_controller\workspace\nxp_lpcxpresso_11c24_board_lib\Debug\libnxp_lpcxpresso_11c24_board_lib.a(board_sysinit.o)
 .debug_macro   0x00000000       0x4c C:\Users\Jacob\Dropbox\Development\led_stripe_controller\workspace\nxp_lpcxpresso_11c24_board_lib\Debug\libnxp_lpcxpresso_11c24_board_lib.a(board_sysinit.o)
 .debug_macro   0x00000000       0x16 C:\Users\Jacob\Dropbox\Development\led_stripe_controller\workspace\nxp_lpcxpresso_11c24_board_lib\Debug\libnxp_lpcxpresso_11c24_board_lib.a(board_sysinit.o)
 .debug_macro   0x00000000      0x31a C:\Users\Jacob\Dropbox\Development\led_stripe_controller\workspace\nxp_lpcxpresso_11c24_board_lib\Debug\libnxp_lpcxpresso_11c24_board_lib.a(board_sysinit.o)
 .debug_macro   0x00000000       0x2e C:\Users\Jacob\Dropbox\Development\led_stripe_controller\workspace\nxp_lpcxpresso_11c24_board_lib\Debug\libnxp_lpcxpresso_11c24_board_lib.a(board_sysinit.o)
 .debug_macro   0x00000000       0xb8 C:\Users\Jacob\Dropbox\Development\led_stripe_controller\workspace\nxp_lpcxpresso_11c24_board_lib\Debug\libnxp_lpcxpresso_11c24_board_lib.a(board_sysinit.o)
 .debug_macro   0x00000000       0x11 C:\Users\Jacob\Dropbox\Development\led_stripe_controller\workspace\nxp_lpcxpresso_11c24_board_lib\Debug\libnxp_lpcxpresso_11c24_board_lib.a(board_sysinit.o)
 .debug_macro   0x00000000       0x7c C:\Users\Jacob\Dropbox\Development\led_stripe_controller\workspace\nxp_lpcxpresso_11c24_board_lib\Debug\libnxp_lpcxpresso_11c24_board_lib.a(board_sysinit.o)
 .debug_macro   0x00000000      0x21c C:\Users\Jacob\Dropbox\Development\led_stripe_controller\workspace\nxp_lpcxpresso_11c24_board_lib\Debug\libnxp_lpcxpresso_11c24_board_lib.a(board_sysinit.o)
 .debug_macro   0x00000000      0x113 C:\Users\Jacob\Dropbox\Development\led_stripe_controller\workspace\nxp_lpcxpresso_11c24_board_lib\Debug\libnxp_lpcxpresso_11c24_board_lib.a(board_sysinit.o)
 .debug_macro   0x00000000       0x10 C:\Users\Jacob\Dropbox\Development\led_stripe_controller\workspace\nxp_lpcxpresso_11c24_board_lib\Debug\libnxp_lpcxpresso_11c24_board_lib.a(board_sysinit.o)
 .debug_macro   0x00000000       0x9a C:\Users\Jacob\Dropbox\Development\led_stripe_controller\workspace\nxp_lpcxpresso_11c24_board_lib\Debug\libnxp_lpcxpresso_11c24_board_lib.a(board_sysinit.o)
 .debug_macro   0x00000000       0x20 C:\Users\Jacob\Dropbox\Development\led_stripe_controller\workspace\nxp_lpcxpresso_11c24_board_lib\Debug\libnxp_lpcxpresso_11c24_board_lib.a(board_sysinit.o)
 .text          0x00000000        0x0 c:/nxp/lpcxpresso_7.8.0_426/lpcxpresso/tools/bin/../lib/gcc/arm-none-eabi/4.9.3/../../../../arm-none-eabi/lib/armv6-m\libcr_c.a(__weak__main.o)
 .data          0x00000000        0x0 c:/nxp/lpcxpresso_7.8.0_426/lpcxpresso/tools/bin/../lib/gcc/arm-none-eabi/4.9.3/../../../../arm-none-eabi/lib/armv6-m\libcr_c.a(__weak__main.o)
 .bss           0x00000000        0x0 c:/nxp/lpcxpresso_7.8.0_426/lpcxpresso/tools/bin/../lib/gcc/arm-none-eabi/4.9.3/../../../../arm-none-eabi/lib/armv6-m\libcr_c.a(__weak__main.o)
 .text          0x00000000        0x0 c:/nxp/lpcxpresso_7.8.0_426/lpcxpresso/tools/bin/../lib/gcc/arm-none-eabi/4.9.3/armv6-m\libcr_eabihelpers.a(division_32.o)
 .data          0x00000000        0x0 c:/nxp/lpcxpresso_7.8.0_426/lpcxpresso/tools/bin/../lib/gcc/arm-none-eabi/4.9.3/armv6-m\libcr_eabihelpers.a(division_32.o)
 .bss           0x00000000        0x0 c:/nxp/lpcxpresso_7.8.0_426/lpcxpresso/tools/bin/../lib/gcc/arm-none-eabi/4.9.3/armv6-m\libcr_eabihelpers.a(division_32.o)
 .text          0x00000000        0x0 c:/nxp/lpcxpresso_7.8.0_426/lpcxpresso/tools/bin/../lib/gcc/arm-none-eabi/4.9.3/armv6-m\libcr_eabihelpers.a(division_idiv0.o)
 .data          0x00000000        0x0 c:/nxp/lpcxpresso_7.8.0_426/lpcxpresso/tools/bin/../lib/gcc/arm-none-eabi/4.9.3/armv6-m\libcr_eabihelpers.a(division_idiv0.o)
 .bss           0x00000000        0x0 c:/nxp/lpcxpresso_7.8.0_426/lpcxpresso/tools/bin/../lib/gcc/arm-none-eabi/4.9.3/armv6-m\libcr_eabihelpers.a(division_idiv0.o)

Memory Configuration

Name             Origin             Length             Attributes
MFlash32         0x00000000         0x00008000         xr
RamLoc8          0x10000000         0x00002000         xrw
*default*        0x00000000         0xffffffff

Linker script and memory map

LOAD ./src/cr_startup_lpc11xx.o
LOAD ./src/crp.o
LOAD ./src/ledDriver_v3_lpc.o
LOAD ./src/sysinit.o
LOAD C:\Users\Jacob\Dropbox\Development\led_stripe_controller\workspace\lpc_chip_11cxx_lib\Debug\liblpc_chip_11cxx_lib.a
LOAD C:\Users\Jacob\Dropbox\Development\led_stripe_controller\workspace\nxp_lpcxpresso_11c24_board_lib\Debug\libnxp_lpcxpresso_11c24_board_lib.a
START GROUP
LOAD c:/nxp/lpcxpresso_7.8.0_426/lpcxpresso/tools/bin/../lib/gcc/arm-none-eabi/4.9.3/../../../../arm-none-eabi/lib/armv6-m\libcr_c.a
LOAD c:/nxp/lpcxpresso_7.8.0_426/lpcxpresso/tools/bin/../lib/gcc/arm-none-eabi/4.9.3/armv6-m\libcr_eabihelpers.a
END GROUP
                0x00008000                __top_MFlash32 = 0x8000
                0x10002000                __top_RamLoc8 = 0x10002000

.text           0x00000000      0x8cc
 FILL mask 0xff
                0x00000000                __vectors_start__ = ABSOLUTE (.)
 *(.isr_vector)
 .isr_vector    0x00000000       0xc0 ./src/cr_startup_lpc11xx.o
                0x00000000                g_pfnVectors
                0x000000c0                . = ALIGN (0x4)
                0x000000c0                __section_table_start = .
                0x000000c0                __data_section_table = .
                0x000000c0        0x4 LONG 0x8cc LOADADDR (.data)
                0x000000c4        0x4 LONG 0x10000000 ADDR (.data)
                0x000000c8        0x4 LONG 0x0 SIZEOF (.data)
                0x000000cc                __data_section_table_end = .
                0x000000cc                __bss_section_table = .
                0x000000cc        0x4 LONG 0x10000000 ADDR (.bss)
                0x000000d0        0x4 LONG 0x8 SIZEOF (.bss)
                0x000000d4                __bss_section_table_end = .
                0x000000d4                __section_table_end = .
 *(.after_vectors*)
 .after_vectors
                0x000000d4      0x128 ./src/cr_startup_lpc11xx.o
                0x000000d4                data_init
                0x00000114                bss_init
                0x00000148                ResetISR
                0x000001cc                NMI_Handler
                0x000001d4                HardFault_Handler
                0x000001dc                SVC_Handler
                0x000001e4                PendSV_Handler
                0x000001ec                SysTick_Handler
                0x000001f4                TIMER32_1_IRQHandler
                0x000001f4                IntDefaultHandler
                0x000001f4                PIOINT1_IRQHandler
                0x000001f4                CAN_IRQHandler
                0x000001f4                TIMER32_0_IRQHandler
                0x000001f4                UART_IRQHandler
                0x000001f4                TIMER16_1_IRQHandler
                0x000001f4                ADC_IRQHandler
                0x000001f4                SSP1_IRQHandler
                0x000001f4                PIOINT2_IRQHandler
                0x000001f4                BOD_IRQHandler
                0x000001f4                WAKEUP_IRQHandler
                0x000001f4                PIOINT0_IRQHandler
                0x000001f4                I2C_IRQHandler
                0x000001f4                WDT_IRQHandler
                0x000001f4                TIMER16_0_IRQHandler
                0x000001f4                SSP0_IRQHandler
                0x000001f4                PIOINT3_IRQHandler
                0x000002fc                . = 0x2fc
 *fill*         0x000001fc      0x100 ff
                0x000002fc                PROVIDE (__CRP_WORD_START__, .)
 *(.crp)
 .crp           0x000002fc        0x4 ./src/crp.o
                0x000002fc                CRP_WORD
                0x00000300                PROVIDE (__CRP_WORD_END__, .)
                0x00000001                ASSERT (! ((__CRP_WORD_START__ == __CRP_WORD_END__)), Linker CRP Enabled, but no CRP_WORD provided within application)
 *(.text*)
 .text.main     0x00000300       0x24 ./src/ledDriver_v3_lpc.o
                0x00000300                main
 .text.SystemInit
                0x00000324        0xc ./src/sysinit.o
                0x00000324                SystemInit
 .text.SystemCoreClockUpdate
                0x00000330       0x18 C:\Users\Jacob\Dropbox\Development\led_stripe_controller\workspace\lpc_chip_11cxx_lib\Debug\liblpc_chip_11cxx_lib.a(chip_11xx.o)
                0x00000330                SystemCoreClockUpdate
 .text.Chip_Clock_GetMainOscRate
                0x00000348       0x14 C:\Users\Jacob\Dropbox\Development\led_stripe_controller\workspace\lpc_chip_11cxx_lib\Debug\liblpc_chip_11cxx_lib.a(clock_11xx.o)
 .text.Chip_Clock_GetIntOscRate
                0x0000035c       0x10 C:\Users\Jacob\Dropbox\Development\led_stripe_controller\workspace\lpc_chip_11cxx_lib\Debug\liblpc_chip_11cxx_lib.a(clock_11xx.o)
 .text.Chip_Clock_GetWDTLFORate
                0x0000036c       0x48 C:\Users\Jacob\Dropbox\Development\led_stripe_controller\workspace\lpc_chip_11cxx_lib\Debug\liblpc_chip_11cxx_lib.a(clock_11xx.o)
 .text.Chip_Clock_GetPLLFreq
                0x000003b4       0x24 C:\Users\Jacob\Dropbox\Development\led_stripe_controller\workspace\lpc_chip_11cxx_lib\Debug\liblpc_chip_11cxx_lib.a(clock_11xx.o)
 .text.Chip_Clock_SetSystemPLLSource
                0x000003d8       0x2c C:\Users\Jacob\Dropbox\Development\led_stripe_controller\workspace\lpc_chip_11cxx_lib\Debug\liblpc_chip_11cxx_lib.a(clock_11xx.o)
                0x000003d8                Chip_Clock_SetSystemPLLSource
 .text.Chip_Clock_SetMainClockSource
                0x00000404       0x2c C:\Users\Jacob\Dropbox\Development\led_stripe_controller\workspace\lpc_chip_11cxx_lib\Debug\liblpc_chip_11cxx_lib.a(clock_11xx.o)
                0x00000404                Chip_Clock_SetMainClockSource
 .text.Chip_Clock_GetWDTOSCRate
                0x00000430       0x1c C:\Users\Jacob\Dropbox\Development\led_stripe_controller\workspace\lpc_chip_11cxx_lib\Debug\liblpc_chip_11cxx_lib.a(clock_11xx.o)
                0x00000430                Chip_Clock_GetWDTOSCRate
 .text.Chip_Clock_GetSystemPLLInClockRate
                0x0000044c       0x40 C:\Users\Jacob\Dropbox\Development\led_stripe_controller\workspace\lpc_chip_11cxx_lib\Debug\liblpc_chip_11cxx_lib.a(clock_11xx.o)
                0x0000044c                Chip_Clock_GetSystemPLLInClockRate
 .text.Chip_Clock_GetSystemPLLOutClockRate
                0x0000048c       0x24 C:\Users\Jacob\Dropbox\Development\led_stripe_controller\workspace\lpc_chip_11cxx_lib\Debug\liblpc_chip_11cxx_lib.a(clock_11xx.o)
                0x0000048c                Chip_Clock_GetSystemPLLOutClockRate
 .text.Chip_Clock_GetMainClockRate
                0x000004b0       0x64 C:\Users\Jacob\Dropbox\Development\led_stripe_controller\workspace\lpc_chip_11cxx_lib\Debug\liblpc_chip_11cxx_lib.a(clock_11xx.o)
                0x000004b0                Chip_Clock_GetMainClockRate
 .text.Chip_Clock_GetSystemClockRate
                0x00000514       0x24 C:\Users\Jacob\Dropbox\Development\led_stripe_controller\workspace\lpc_chip_11cxx_lib\Debug\liblpc_chip_11cxx_lib.a(clock_11xx.o)
                0x00000514                Chip_Clock_GetSystemClockRate
 .text.Chip_GPIO_SetPinState
                0x00000538       0x4c C:\Users\Jacob\Dropbox\Development\led_stripe_controller\workspace\nxp_lpcxpresso_11c24_board_lib\Debug\libnxp_lpcxpresso_11c24_board_lib.a(board.o)
 .text.Chip_GPIO_SetPinDIROutput
                0x00000584       0x4c C:\Users\Jacob\Dropbox\Development\led_stripe_controller\workspace\nxp_lpcxpresso_11c24_board_lib\Debug\libnxp_lpcxpresso_11c24_board_lib.a(board.o)
 .text.Board_LED_Init
                0x000005d0       0x18 C:\Users\Jacob\Dropbox\Development\led_stripe_controller\workspace\nxp_lpcxpresso_11c24_board_lib\Debug\libnxp_lpcxpresso_11c24_board_lib.a(board.o)
 .text.Board_LED_Set
                0x000005e8       0x34 C:\Users\Jacob\Dropbox\Development\led_stripe_controller\workspace\nxp_lpcxpresso_11c24_board_lib\Debug\libnxp_lpcxpresso_11c24_board_lib.a(board.o)
                0x000005e8                Board_LED_Set
 .text.Board_Init
                0x0000061c       0x18 C:\Users\Jacob\Dropbox\Development\led_stripe_controller\workspace\nxp_lpcxpresso_11c24_board_lib\Debug\libnxp_lpcxpresso_11c24_board_lib.a(board.o)
                0x0000061c                Board_Init
 .text.Chip_FMC_SetFLASHAccess
                0x00000634       0x2c C:\Users\Jacob\Dropbox\Development\led_stripe_controller\workspace\nxp_lpcxpresso_11c24_board_lib\Debug\libnxp_lpcxpresso_11c24_board_lib.a(board_sysinit.o)
 .text.Chip_Clock_SetupSystemPLL
                0x00000660       0x34 C:\Users\Jacob\Dropbox\Development\led_stripe_controller\workspace\nxp_lpcxpresso_11c24_board_lib\Debug\libnxp_lpcxpresso_11c24_board_lib.a(board_sysinit.o)
 .text.Chip_Clock_IsSystemPLLLocked
                0x00000694       0x1c C:\Users\Jacob\Dropbox\Development\led_stripe_controller\workspace\nxp_lpcxpresso_11c24_board_lib\Debug\libnxp_lpcxpresso_11c24_board_lib.a(board_sysinit.o)
 .text.Chip_Clock_SetSysClockDiv
                0x000006b0       0x18 C:\Users\Jacob\Dropbox\Development\led_stripe_controller\workspace\nxp_lpcxpresso_11c24_board_lib\Debug\libnxp_lpcxpresso_11c24_board_lib.a(board_sysinit.o)
 .text.Chip_Clock_EnablePeriphClock
                0x000006c8       0x30 C:\Users\Jacob\Dropbox\Development\led_stripe_controller\workspace\nxp_lpcxpresso_11c24_board_lib\Debug\libnxp_lpcxpresso_11c24_board_lib.a(board_sysinit.o)
 .text.Chip_IOCON_PinMuxSet
                0x000006f8       0x28 C:\Users\Jacob\Dropbox\Development\led_stripe_controller\workspace\nxp_lpcxpresso_11c24_board_lib\Debug\libnxp_lpcxpresso_11c24_board_lib.a(board_sysinit.o)
 .text.SystemSetupClocking
                0x00000720       0x64 C:\Users\Jacob\Dropbox\Development\led_stripe_controller\workspace\nxp_lpcxpresso_11c24_board_lib\Debug\libnxp_lpcxpresso_11c24_board_lib.a(board_sysinit.o)
 .text.SystemSetupMuxing
                0x00000784       0x48 C:\Users\Jacob\Dropbox\Development\led_stripe_controller\workspace\nxp_lpcxpresso_11c24_board_lib\Debug\libnxp_lpcxpresso_11c24_board_lib.a(board_sysinit.o)
 .text.Board_SystemInit
                0x000007cc       0x10 C:\Users\Jacob\Dropbox\Development\led_stripe_controller\workspace\nxp_lpcxpresso_11c24_board_lib\Debug\libnxp_lpcxpresso_11c24_board_lib.a(board_sysinit.o)
                0x000007cc                Board_SystemInit
 .text.__weak_main
                0x000007dc        0x8 c:/nxp/lpcxpresso_7.8.0_426/lpcxpresso/tools/bin/../lib/gcc/arm-none-eabi/4.9.3/../../../../arm-none-eabi/lib/armv6-m\libcr_c.a(__weak__main.o)
                0x000007dc                __weak_main
                0x000007dc                __main
 .text.__aeabi_division_idivmod
                0x000007e4       0x78 c:/nxp/lpcxpresso_7.8.0_426/lpcxpresso/tools/bin/../lib/gcc/arm-none-eabi/4.9.3/armv6-m\libcr_eabihelpers.a(division_32.o)
                0x000007e4                __aeabi_idivmod
                0x000007e4                __aeabi_idiv
                0x000007ea                __aeabi_uidivmod
                0x000007ea                __aeabi_uidiv
 .text.__aeabi_division_idiv0
                0x0000085c        0x2 c:/nxp/lpcxpresso_7.8.0_426/lpcxpresso/tools/bin/../lib/gcc/arm-none-eabi/4.9.3/armv6-m\libcr_eabihelpers.a(division_idiv0.o)
                0x0000085c                __aeabi_idiv0
 *(.rodata .rodata.* .constdata .constdata.*)
 *fill*         0x0000085e        0x2 
 .rodata.wdtOSCRate
                0x00000860       0x40 C:\Users\Jacob\Dropbox\Development\led_stripe_controller\workspace\lpc_chip_11cxx_lib\Debug\liblpc_chip_11cxx_lib.a(clock_11xx.o)
 .rodata.OscRateIn
                0x000008a0        0x4 C:\Users\Jacob\Dropbox\Development\led_stripe_controller\workspace\nxp_lpcxpresso_11c24_board_lib\Debug\libnxp_lpcxpresso_11c24_board_lib.a(board.o)
                0x000008a0                OscRateIn
 .rodata.pinmuxing
                0x000008a4       0x28 C:\Users\Jacob\Dropbox\Development\led_stripe_controller\workspace\nxp_lpcxpresso_11c24_board_lib\Debug\libnxp_lpcxpresso_11c24_board_lib.a(board_sysinit.o)
                0x000008cc                . = ALIGN (0x4)

.glue_7         0x000008cc        0x0
 .glue_7        0x00000000        0x0 linker stubs

.glue_7t        0x000008cc        0x0
 .glue_7t       0x00000000        0x0 linker stubs

.vfp11_veneer   0x000008cc        0x0
 .vfp11_veneer  0x00000000        0x0 linker stubs

.v4_bx          0x000008cc        0x0
 .v4_bx         0x00000000        0x0 linker stubs

.iplt           0x000008cc        0x0
 .iplt          0x00000000        0x0 ./src/cr_startup_lpc11xx.o

.rel.dyn        0x000008cc        0x0
 .rel.iplt      0x00000000        0x0 ./src/cr_startup_lpc11xx.o

.ARM.extab
 *(.ARM.extab* .gnu.linkonce.armextab.*)
                0x000008cc                __exidx_start = .

.ARM.exidx
 *(.ARM.exidx* .gnu.linkonce.armexidx.*)
                0x000008cc                __exidx_end = .
                0x000008cc                _etext = .

.uninit_RESERVED
                0x10000000        0x0
 *(.bss.$RESERVED*)
                0x10000000                . = ALIGN (0x4)
                0x10000000                _end_uninit_RESERVED = .

.data           0x10000000        0x0 load address 0x000008cc
 FILL mask 0xff
                0x10000000                _data = .
 *(vtable)
 *(.ramfunc*)
 *(.data*)
                0x10000000                . = ALIGN (0x4)
                0x10000000                _edata = .

.igot.plt       0x10000000        0x0 load address 0x000008cc
 .igot.plt      0x00000000        0x0 ./src/cr_startup_lpc11xx.o

.bss            0x10000000        0x8 load address 0x000008cc
                0x10000000                _bss = .
 *(.bss*)
 .bss.i.5883    0x10000000        0x4 ./src/ledDriver_v3_lpc.o
 *(COMMON)
 COMMON         0x10000004        0x4 C:\Users\Jacob\Dropbox\Development\led_stripe_controller\workspace\lpc_chip_11cxx_lib\Debug\liblpc_chip_11cxx_lib.a(chip_11xx.o)
                0x10000004                SystemCoreClock
                0x10000008                . = ALIGN (0x4)
                0x10000008                _ebss = .
                0x10000008                PROVIDE (end, .)

.noinit         0x10000008        0x0 load address 0x000008cc
                0x10000008                _noinit = .
 *(.noinit*)
                0x10000008                . = ALIGN (0x4)
                0x10000008                _end_noinit = .
                0x10000008                PROVIDE (_pvHeapStart, DEFINED (__user_heap_base)?__user_heap_base:.)
                0x10002000                PROVIDE (_vStackTop, DEFINED (__user_stack_top)?__user_stack_top:(__top_RamLoc8 - 0x0))
OUTPUT(ledDriver_v3_lpc.axf elf32-littlearm)

.debug_info     0x00000000     0x1f18
 .debug_info    0x00000000      0x1fe ./src/cr_startup_lpc11xx.o
 .debug_info    0x000001fe       0x3f ./src/crp.o
 .debug_info    0x0000023d       0xd5 ./src/ledDriver_v3_lpc.o
 .debug_info    0x00000312       0xb8 ./src/sysinit.o
 .debug_info    0x000003ca       0xc2 C:\Users\Jacob\Dropbox\Development\led_stripe_controller\workspace\lpc_chip_11cxx_lib\Debug\liblpc_chip_11cxx_lib.a(chip_11xx.o)
 .debug_info    0x0000048c      0x86f C:\Users\Jacob\Dropbox\Development\led_stripe_controller\workspace\lpc_chip_11cxx_lib\Debug\liblpc_chip_11cxx_lib.a(clock_11xx.o)
 .debug_info    0x00000cfb      0x810 C:\Users\Jacob\Dropbox\Development\led_stripe_controller\workspace\nxp_lpcxpresso_11c24_board_lib\Debug\libnxp_lpcxpresso_11c24_board_lib.a(board.o)
 .debug_info    0x0000150b      0xa0d C:\Users\Jacob\Dropbox\Development\led_stripe_controller\workspace\nxp_lpcxpresso_11c24_board_lib\Debug\libnxp_lpcxpresso_11c24_board_lib.a(board_sysinit.o)

.debug_abbrev   0x00000000      0x86e
 .debug_abbrev  0x00000000       0xe6 ./src/cr_startup_lpc11xx.o
 .debug_abbrev  0x000000e6       0x36 ./src/crp.o
 .debug_abbrev  0x0000011c       0x84 ./src/ledDriver_v3_lpc.o
 .debug_abbrev  0x000001a0       0x6a ./src/sysinit.o
 .debug_abbrev  0x0000020a       0x7b C:\Users\Jacob\Dropbox\Development\led_stripe_controller\workspace\lpc_chip_11cxx_lib\Debug\liblpc_chip_11cxx_lib.a(chip_11xx.o)
 .debug_abbrev  0x00000285      0x1bc C:\Users\Jacob\Dropbox\Development\led_stripe_controller\workspace\lpc_chip_11cxx_lib\Debug\liblpc_chip_11cxx_lib.a(clock_11xx.o)
 .debug_abbrev  0x00000441      0x24a C:\Users\Jacob\Dropbox\Development\led_stripe_controller\workspace\nxp_lpcxpresso_11c24_board_lib\Debug\libnxp_lpcxpresso_11c24_board_lib.a(board.o)
 .debug_abbrev  0x0000068b      0x1e3 C:\Users\Jacob\Dropbox\Development\led_stripe_controller\workspace\nxp_lpcxpresso_11c24_board_lib\Debug\libnxp_lpcxpresso_11c24_board_lib.a(board_sysinit.o)

.debug_aranges  0x00000000      0x270
 .debug_aranges
                0x00000000       0x60 ./src/cr_startup_lpc11xx.o
 .debug_aranges
                0x00000060       0x18 ./src/crp.o
 .debug_aranges
                0x00000078       0x20 ./src/ledDriver_v3_lpc.o
 .debug_aranges
                0x00000098       0x20 ./src/sysinit.o
 .debug_aranges
                0x000000b8       0x20 C:\Users\Jacob\Dropbox\Development\led_stripe_controller\workspace\lpc_chip_11cxx_lib\Debug\liblpc_chip_11cxx_lib.a(chip_11xx.o)
 .debug_aranges
                0x000000d8       0x88 C:\Users\Jacob\Dropbox\Development\led_stripe_controller\workspace\lpc_chip_11cxx_lib\Debug\liblpc_chip_11cxx_lib.a(clock_11xx.o)
 .debug_aranges
                0x00000160       0xb0 C:\Users\Jacob\Dropbox\Development\led_stripe_controller\workspace\nxp_lpcxpresso_11c24_board_lib\Debug\libnxp_lpcxpresso_11c24_board_lib.a(board.o)
 .debug_aranges
                0x00000210       0x60 C:\Users\Jacob\Dropbox\Development\led_stripe_controller\workspace\nxp_lpcxpresso_11c24_board_lib\Debug\libnxp_lpcxpresso_11c24_board_lib.a(board_sysinit.o)

.debug_ranges   0x00000000      0x1e8
 .debug_ranges  0x00000000       0x50 ./src/cr_startup_lpc11xx.o
 .debug_ranges  0x00000050       0x10 ./src/ledDriver_v3_lpc.o
 .debug_ranges  0x00000060       0x10 ./src/sysinit.o
 .debug_ranges  0x00000070       0x10 C:\Users\Jacob\Dropbox\Development\led_stripe_controller\workspace\lpc_chip_11cxx_lib\Debug\liblpc_chip_11cxx_lib.a(chip_11xx.o)
 .debug_ranges  0x00000080       0x78 C:\Users\Jacob\Dropbox\Development\led_stripe_controller\workspace\lpc_chip_11cxx_lib\Debug\liblpc_chip_11cxx_lib.a(clock_11xx.o)
 .debug_ranges  0x000000f8       0xa0 C:\Users\Jacob\Dropbox\Development\led_stripe_controller\workspace\nxp_lpcxpresso_11c24_board_lib\Debug\libnxp_lpcxpresso_11c24_board_lib.a(board.o)
 .debug_ranges  0x00000198       0x50 C:\Users\Jacob\Dropbox\Development\led_stripe_controller\workspace\nxp_lpcxpresso_11c24_board_lib\Debug\libnxp_lpcxpresso_11c24_board_lib.a(board_sysinit.o)

.debug_macro    0x00000000     0x3073
 .debug_macro   0x00000000       0x1d ./src/cr_startup_lpc11xx.o
 .debug_macro   0x0000001d      0x84a ./src/cr_startup_lpc11xx.o
 .debug_macro   0x00000867       0x1a ./src/crp.o
 .debug_macro   0x00000881       0x34 ./src/crp.o
 .debug_macro   0x000008b5      0x186 ./src/ledDriver_v3_lpc.o
 .debug_macro   0x00000a3b       0x10 ./src/ledDriver_v3_lpc.o
 .debug_macro   0x00000a4b      0x12d ./src/ledDriver_v3_lpc.o
 .debug_macro   0x00000b78      0x5b2 ./src/ledDriver_v3_lpc.o
 .debug_macro   0x0000112a       0x22 ./src/ledDriver_v3_lpc.o
 .debug_macro   0x0000114c       0x7b ./src/ledDriver_v3_lpc.o
 .debug_macro   0x000011c7       0x10 ./src/ledDriver_v3_lpc.o
 .debug_macro   0x000011d7       0x1f ./src/ledDriver_v3_lpc.o
 .debug_macro   0x000011f6       0x3a ./src/ledDriver_v3_lpc.o
 .debug_macro   0x00001230      0x241 ./src/ledDriver_v3_lpc.o
 .debug_macro   0x00001471      0x117 ./src/ledDriver_v3_lpc.o
 .debug_macro   0x00001588       0x22 ./src/ledDriver_v3_lpc.o
 .debug_macro   0x000015aa       0xb2 ./src/ledDriver_v3_lpc.o
 .debug_macro   0x0000165c       0x10 ./src/ledDriver_v3_lpc.o
 .debug_macro   0x0000166c      0x137 ./src/ledDriver_v3_lpc.o
 .debug_macro   0x000017a3       0x4c ./src/ledDriver_v3_lpc.o
 .debug_macro   0x000017ef       0x16 ./src/ledDriver_v3_lpc.o
 .debug_macro   0x00001805      0x31a ./src/ledDriver_v3_lpc.o
 .debug_macro   0x00001b1f       0x2e ./src/ledDriver_v3_lpc.o
 .debug_macro   0x00001b4d       0xb8 ./src/ledDriver_v3_lpc.o
 .debug_macro   0x00001c05       0x11 ./src/ledDriver_v3_lpc.o
 .debug_macro   0x00001c16       0x7c ./src/ledDriver_v3_lpc.o
 .debug_macro   0x00001c92      0x21c ./src/ledDriver_v3_lpc.o
 .debug_macro   0x00001eae      0x113 ./src/ledDriver_v3_lpc.o
 .debug_macro   0x00001fc1       0x10 ./src/ledDriver_v3_lpc.o
 .debug_macro   0x00001fd1       0x9a ./src/ledDriver_v3_lpc.o
 .debug_macro   0x0000206b       0x20 ./src/ledDriver_v3_lpc.o
 .debug_macro   0x0000208b       0x82 ./src/ledDriver_v3_lpc.o
 .debug_macro   0x0000210d      0x17d ./src/sysinit.o
 .debug_macro   0x0000228a      0x148 C:\Users\Jacob\Dropbox\Development\led_stripe_controller\workspace\lpc_chip_11cxx_lib\Debug\liblpc_chip_11cxx_lib.a(chip_11xx.o)
 .debug_macro   0x000023d2      0x832 C:\Users\Jacob\Dropbox\Development\led_stripe_controller\workspace\lpc_chip_11cxx_lib\Debug\liblpc_chip_11cxx_lib.a(chip_11xx.o)
 .debug_macro   0x00002c04      0x148 C:\Users\Jacob\Dropbox\Development\led_stripe_controller\workspace\lpc_chip_11cxx_lib\Debug\liblpc_chip_11cxx_lib.a(clock_11xx.o)
 .debug_macro   0x00002d4c      0x18a C:\Users\Jacob\Dropbox\Development\led_stripe_controller\workspace\nxp_lpcxpresso_11c24_board_lib\Debug\libnxp_lpcxpresso_11c24_board_lib.a(board.o)
 .debug_macro   0x00002ed6       0x12 C:\Users\Jacob\Dropbox\Development\led_stripe_controller\workspace\nxp_lpcxpresso_11c24_board_lib\Debug\libnxp_lpcxpresso_11c24_board_lib.a(board.o)
 .debug_macro   0x00002ee8      0x18b C:\Users\Jacob\Dropbox\Development\led_stripe_controller\workspace\nxp_lpcxpresso_11c24_board_lib\Debug\libnxp_lpcxpresso_11c24_board_lib.a(board_sysinit.o)

.debug_line     0x00000000     0x184b
 .debug_line    0x00000000       0xba ./src/cr_startup_lpc11xx.o
 .debug_line    0x000000ba       0x78 ./src/crp.o
 .debug_line    0x00000132      0x3c6 ./src/ledDriver_v3_lpc.o
 .debug_line    0x000004f8      0x35b ./src/sysinit.o
 .debug_line    0x00000853      0x2d2 C:\Users\Jacob\Dropbox\Development\led_stripe_controller\workspace\lpc_chip_11cxx_lib\Debug\liblpc_chip_11cxx_lib.a(chip_11xx.o)
 .debug_line    0x00000b25      0x3fd C:\Users\Jacob\Dropbox\Development\led_stripe_controller\workspace\lpc_chip_11cxx_lib\Debug\liblpc_chip_11cxx_lib.a(clock_11xx.o)
 .debug_line    0x00000f22      0x4e3 C:\Users\Jacob\Dropbox\Development\led_stripe_controller\workspace\nxp_lpcxpresso_11c24_board_lib\Debug\libnxp_lpcxpresso_11c24_board_lib.a(board.o)
 .debug_line    0x00001405      0x446 C:\Users\Jacob\Dropbox\Development\led_stripe_controller\workspace\nxp_lpcxpresso_11c24_board_lib\Debug\libnxp_lpcxpresso_11c24_board_lib.a(board_sysinit.o)

.debug_str      0x00000000     0x978b
 .debug_str     0x00000000     0x253c ./src/cr_startup_lpc11xx.o
                               0x254f (size before relaxing)
 .debug_str     0x0000253c       0xe9 ./src/crp.o
                               0x24b1 (size before relaxing)
 .debug_str     0x00002625     0x5fd9 ./src/ledDriver_v3_lpc.o
                               0x8491 (size before relaxing)
 .debug_str     0x000085fe       0x11 ./src/sysinit.o
                               0x8045 (size before relaxing)
 .debug_str     0x0000860f      0x158 C:\Users\Jacob\Dropbox\Development\led_stripe_controller\workspace\lpc_chip_11cxx_lib\Debug\liblpc_chip_11cxx_lib.a(chip_11xx.o)
                               0x7d3c (size before relaxing)
 .debug_str     0x00008767      0x7de C:\Users\Jacob\Dropbox\Development\led_stripe_controller\workspace\lpc_chip_11cxx_lib\Debug\liblpc_chip_11cxx_lib.a(clock_11xx.o)
                               0x8500 (size before relaxing)
 .debug_str     0x00008f45      0x510 C:\Users\Jacob\Dropbox\Development\led_stripe_controller\workspace\nxp_lpcxpresso_11c24_board_lib\Debug\libnxp_lpcxpresso_11c24_board_lib.a(board.o)
                               0x84a4 (size before relaxing)
 .debug_str     0x00009455      0x336 C:\Users\Jacob\Dropbox\Development\led_stripe_controller\workspace\nxp_lpcxpresso_11c24_board_lib\Debug\libnxp_lpcxpresso_11c24_board_lib.a(board_sysinit.o)
                               0x893d (size before relaxing)

.comment        0x00000000       0xe0
 .comment       0x00000000       0x70 ./src/cr_startup_lpc11xx.o
                                 0x71 (size before relaxing)
 .comment       0x00000000       0x71 ./src/crp.o
 .comment       0x00000000       0x71 ./src/ledDriver_v3_lpc.o
 .comment       0x00000000       0x71 ./src/sysinit.o
 .comment       0x00000000       0x71 C:\Users\Jacob\Dropbox\Development\led_stripe_controller\workspace\lpc_chip_11cxx_lib\Debug\liblpc_chip_11cxx_lib.a(chip_11xx.o)
 .comment       0x00000000       0x71 C:\Users\Jacob\Dropbox\Development\led_stripe_controller\workspace\lpc_chip_11cxx_lib\Debug\liblpc_chip_11cxx_lib.a(clock_11xx.o)
 .comment       0x00000000       0x71 C:\Users\Jacob\Dropbox\Development\led_stripe_controller\workspace\nxp_lpcxpresso_11c24_board_lib\Debug\libnxp_lpcxpresso_11c24_board_lib.a(board.o)
 .comment       0x00000000       0x71 C:\Users\Jacob\Dropbox\Development\led_stripe_controller\workspace\nxp_lpcxpresso_11c24_board_lib\Debug\libnxp_lpcxpresso_11c24_board_lib.a(board_sysinit.o)
 .comment       0x00000070       0x70 c:/nxp/lpcxpresso_7.8.0_426/lpcxpresso/tools/bin/../lib/gcc/arm-none-eabi/4.9.3/../../../../arm-none-eabi/lib/armv6-m\libcr_c.a(__weak__main.o)
                                 0x71 (size before relaxing)

.ARM.attributes
                0x00000000       0x2f
 .ARM.attributes
                0x00000000       0x31 ./src/cr_startup_lpc11xx.o
 .ARM.attributes
                0x00000031       0x31 ./src/crp.o
 .ARM.attributes
                0x00000062       0x31 ./src/ledDriver_v3_lpc.o
 .ARM.attributes
                0x00000093       0x31 ./src/sysinit.o
 .ARM.attributes
                0x000000c4       0x31 C:\Users\Jacob\Dropbox\Development\led_stripe_controller\workspace\lpc_chip_11cxx_lib\Debug\liblpc_chip_11cxx_lib.a(chip_11xx.o)
 .ARM.attributes
                0x000000f5       0x31 C:\Users\Jacob\Dropbox\Development\led_stripe_controller\workspace\lpc_chip_11cxx_lib\Debug\liblpc_chip_11cxx_lib.a(clock_11xx.o)
 .ARM.attributes
                0x00000126       0x31 C:\Users\Jacob\Dropbox\Development\led_stripe_controller\workspace\nxp_lpcxpresso_11c24_board_lib\Debug\libnxp_lpcxpresso_11c24_board_lib.a(board.o)
 .ARM.attributes
                0x00000157       0x31 C:\Users\Jacob\Dropbox\Development\led_stripe_controller\workspace\nxp_lpcxpresso_11c24_board_lib\Debug\libnxp_lpcxpresso_11c24_board_lib.a(board_sysinit.o)
 .ARM.attributes
                0x00000188       0x31 c:/nxp/lpcxpresso_7.8.0_426/lpcxpresso/tools/bin/../lib/gcc/arm-none-eabi/4.9.3/../../../../arm-none-eabi/lib/armv6-m\libcr_c.a(__weak__main.o)
 .ARM.attributes
                0x000001b9       0x21 c:/nxp/lpcxpresso_7.8.0_426/lpcxpresso/tools/bin/../lib/gcc/arm-none-eabi/4.9.3/armv6-m\libcr_eabihelpers.a(division_32.o)
 .ARM.attributes
                0x000001da       0x21 c:/nxp/lpcxpresso_7.8.0_426/lpcxpresso/tools/bin/../lib/gcc/arm-none-eabi/4.9.3/armv6-m\libcr_eabihelpers.a(division_idiv0.o)

.debug_frame    0x00000000      0x6e4
 .debug_frame   0x00000000      0x118 ./src/cr_startup_lpc11xx.o
 .debug_frame   0x00000118       0x2c ./src/ledDriver_v3_lpc.o
 .debug_frame   0x00000144       0x2c ./src/sysinit.o
 .debug_frame   0x00000170       0x2c C:\Users\Jacob\Dropbox\Development\led_stripe_controller\workspace\lpc_chip_11cxx_lib\Debug\liblpc_chip_11cxx_lib.a(chip_11xx.o)
 .debug_frame   0x0000019c      0x1c0 C:\Users\Jacob\Dropbox\Development\led_stripe_controller\workspace\lpc_chip_11cxx_lib\Debug\liblpc_chip_11cxx_lib.a(clock_11xx.o)
 .debug_frame   0x0000035c      0x260 C:\Users\Jacob\Dropbox\Development\led_stripe_controller\workspace\nxp_lpcxpresso_11c24_board_lib\Debug\libnxp_lpcxpresso_11c24_board_lib.a(board.o)
 .debug_frame   0x000005bc      0x128 C:\Users\Jacob\Dropbox\Development\led_stripe_controller\workspace\nxp_lpcxpresso_11c24_board_lib\Debug\libnxp_lpcxpresso_11c24_board_lib.a(board_sysinit.o)
