Archive member included because of file (symbol)

D:\DB\Dropbox\Development\led_stripe_controller\workspace\nxp_lpcxpresso_11u14_board_lib\Debug\libnxp_lpcxpresso_11u14_board_lib.a(board.o)
                              ./src/ledstripe_controller_v2.o (Board_LED_Set)
D:\DB\Dropbox\Development\led_stripe_controller\workspace\nxp_lpcxpresso_11u14_board_lib\Debug\libnxp_lpcxpresso_11u14_board_lib.a(board_sysinit.o)
                              ./src/sysinit.o (Board_SystemInit)
D:\DB\Dropbox\Development\led_stripe_controller\workspace\lpc_chip_11uxx_lib\Debug\liblpc_chip_11uxx_lib.a(chip_11xx.o)
                              ./src/ledstripe_controller_v2.o (SystemCoreClockUpdate)
D:\DB\Dropbox\Development\led_stripe_controller\workspace\lpc_chip_11uxx_lib\Debug\liblpc_chip_11uxx_lib.a(clock_11xx.o)
                              D:\DB\Dropbox\Development\led_stripe_controller\workspace\nxp_lpcxpresso_11u14_board_lib\Debug\libnxp_lpcxpresso_11u14_board_lib.a(board_sysinit.o) (Chip_Clock_SetSystemPLLSource)
D:\DB\Dropbox\Development\led_stripe_controller\workspace\lpc_chip_11uxx_lib\Debug\liblpc_chip_11uxx_lib.a(gpio_11xx_1.o)
                              D:\DB\Dropbox\Development\led_stripe_controller\workspace\nxp_lpcxpresso_11u14_board_lib\Debug\libnxp_lpcxpresso_11u14_board_lib.a(board.o) (Chip_GPIO_Init)
D:\DB\Dropbox\Development\led_stripe_controller\workspace\lpc_chip_11uxx_lib\Debug\liblpc_chip_11uxx_lib.a(iocon_11xx.o)
                              D:\DB\Dropbox\Development\led_stripe_controller\workspace\nxp_lpcxpresso_11u14_board_lib\Debug\libnxp_lpcxpresso_11u14_board_lib.a(board.o) (Chip_IOCON_PinMuxSet)
D:\DB\Dropbox\Development\led_stripe_controller\workspace\lpc_chip_11uxx_lib\Debug\liblpc_chip_11uxx_lib.a(sysctl_11xx.o)
                              D:\DB\Dropbox\Development\led_stripe_controller\workspace\nxp_lpcxpresso_11u14_board_lib\Debug\libnxp_lpcxpresso_11u14_board_lib.a(board_sysinit.o) (Chip_SYSCTL_PowerDown)
D:\DB\Dropbox\Development\led_stripe_controller\workspace\lpc_chip_11uxx_lib\Debug\liblpc_chip_11uxx_lib.a(uart_11xx.o)
                              D:\DB\Dropbox\Development\led_stripe_controller\workspace\nxp_lpcxpresso_11u14_board_lib\Debug\libnxp_lpcxpresso_11u14_board_lib.a(board.o) (Chip_UART_Init)
D:\DB\Dropbox\Development\led_stripe_controller\workspace\lpc_chip_11uxx_lib\Debug\liblpc_chip_11uxx_lib.a(ring_buffer.o)
                              D:\DB\Dropbox\Development\led_stripe_controller\workspace\lpc_chip_11uxx_lib\Debug\liblpc_chip_11uxx_lib.a(uart_11xx.o) (RingBuffer_Insert)
c:/nxp/lpcxpresso_7.8.0_426/lpcxpresso/tools/bin/../lib/gcc/arm-none-eabi/4.9.3/../../../../arm-none-eabi/lib/armv6-m\libcr_c.a(memcpy.o)
                              D:\DB\Dropbox\Development\led_stripe_controller\workspace\lpc_chip_11uxx_lib\Debug\liblpc_chip_11uxx_lib.a(ring_buffer.o) (memcpy)
c:/nxp/lpcxpresso_7.8.0_426/lpcxpresso/tools/bin/../lib/gcc/arm-none-eabi/4.9.3/../../../../arm-none-eabi/lib/armv6-m\libcr_c.a(__weak__main.o)
                              ./src/cr_startup_lpc11uxx.o (__main)
c:/nxp/lpcxpresso_7.8.0_426/lpcxpresso/tools/bin/../lib/gcc/arm-none-eabi/4.9.3/armv6-m\libcr_eabihelpers.a(division_32.o)
                              D:\DB\Dropbox\Development\led_stripe_controller\workspace\lpc_chip_11uxx_lib\Debug\liblpc_chip_11uxx_lib.a(clock_11xx.o) (__aeabi_uidiv)
c:/nxp/lpcxpresso_7.8.0_426/lpcxpresso/tools/bin/../lib/gcc/arm-none-eabi/4.9.3/armv6-m\libcr_eabihelpers.a(division_idiv0.o)
                              c:/nxp/lpcxpresso_7.8.0_426/lpcxpresso/tools/bin/../lib/gcc/arm-none-eabi/4.9.3/armv6-m\libcr_eabihelpers.a(division_32.o) (__aeabi_idiv0)
c:/nxp/lpcxpresso_7.8.0_426/lpcxpresso/tools/bin/../lib/gcc/arm-none-eabi/4.9.3/armv6-m\libcr_eabihelpers.a(memcpy.o)
                              c:/nxp/lpcxpresso_7.8.0_426/lpcxpresso/tools/bin/../lib/gcc/arm-none-eabi/4.9.3/../../../../arm-none-eabi/lib/armv6-m\libcr_c.a(memcpy.o) (__aeabi_memcpy)

Allocating common symbols
Common symbol       size              file

SystemCoreClock     0x4               D:\DB\Dropbox\Development\led_stripe_controller\workspace\lpc_chip_11uxx_lib\Debug\liblpc_chip_11uxx_lib.a(chip_11xx.o)

Discarded input sections

 .text          0x00000000        0x0 ./src/aeabi_romdiv_patch.o
 .data          0x00000000        0x0 ./src/aeabi_romdiv_patch.o
 .bss           0x00000000        0x0 ./src/aeabi_romdiv_patch.o
 .ARM.attributes
                0x00000000       0x21 ./src/aeabi_romdiv_patch.o
 .group         0x00000000        0x8 ./src/cr_startup_lpc11uxx.o
 .text          0x00000000        0x0 ./src/cr_startup_lpc11uxx.o
 .data          0x00000000        0x0 ./src/cr_startup_lpc11uxx.o
 .bss           0x00000000        0x0 ./src/cr_startup_lpc11uxx.o
 .group         0x00000000        0x8 ./src/crp.o
 .group         0x00000000        0x8 ./src/crp.o
 .text          0x00000000        0x0 ./src/crp.o
 .data          0x00000000        0x0 ./src/crp.o
[...]
Memory Configuration

Name             Origin             Length             Attributes
MFlash32         0x00000000         0x00008000         xr
RamLoc4          0x10000000         0x00001000         xrw
RamUsb2          0x20004000         0x00000800         xrw
*default*        0x00000000         0xffffffff

Linker script and memory map

LOAD ./src/aeabi_romdiv_patch.o
LOAD ./src/cr_startup_lpc11uxx.o
LOAD ./src/crp.o
LOAD ./src/ledstripe_controller_v2.o
LOAD ./src/sysinit.o
LOAD D:\DB\Dropbox\Development\led_stripe_controller\workspace\nxp_lpcxpresso_11u14_board_lib\Debug\libnxp_lpcxpresso_11u14_board_lib.a
LOAD D:\DB\Dropbox\Development\led_stripe_controller\workspace\lpc_chip_11uxx_lib\Debug\liblpc_chip_11uxx_lib.a
START GROUP
LOAD c:/nxp/lpcxpresso_7.8.0_426/lpcxpresso/tools/bin/../lib/gcc/arm-none-eabi/4.9.3/../../../../arm-none-eabi/lib/armv6-m\libcr_c.a
LOAD c:/nxp/lpcxpresso_7.8.0_426/lpcxpresso/tools/bin/../lib/gcc/arm-none-eabi/4.9.3/armv6-m\libcr_eabihelpers.a
END GROUP
                0x00008000                __top_MFlash32 = 0x8000
                0x10001000                __top_RamLoc4 = 0x10001000
                0x20004800                __top_RamUsb2 = 0x20004800

.text           0x00000000      0xa64
 FILL mask 0xff
                0x00000000                __vectors_start__ = ABSOLUTE (.)
 *(.isr_vector)
 .isr_vector    0x00000000       0xc0 ./src/cr_startup_lpc11uxx.o
                0x00000000                g_pfnVectors
                0x000000c0                . = ALIGN (0x4)
                0x000000c0                __section_table_start = .
                0x000000c0                __data_section_table = .
                0x000000c0        0x4 LONG 0xa64 LOADADDR (.data)
                0x000000c4        0x4 LONG 0x10000000 ADDR (.data)
                0x000000c8        0x4 LONG 0x0 SIZEOF (.data)
                0x000000cc        0x4 LONG 0xa64 LOADADDR (.data_RAM2)
                0x000000d0        0x4 LONG 0x20004000 ADDR (.data_RAM2)
                0x000000d4        0x4 LONG 0x0 SIZEOF (.data_RAM2)
                0x000000d8                __data_section_table_end = .
                0x000000d8                __bss_section_table = .
                0x000000d8        0x4 LONG 0x10000000 ADDR (.bss)
                0x000000dc        0x4 LONG 0x8 SIZEOF (.bss)
                0x000000e0        0x4 LONG 0x20004000 ADDR (.bss_RAM2)
                0x000000e4        0x4 LONG 0x0 SIZEOF (.bss_RAM2)
                0x000000e8                __bss_section_table_end = .
                0x000000e8                __section_table_end = .
 *(.after_vectors*)
 .after_vectors
                0x000000e8      0x13c ./src/cr_startup_lpc11uxx.o
                0x000000e8                data_init
                0x00000128                bss_init
                0x0000015c                ResetISR
                0x000001f4                NMI_Handler
                0x000001fc                HardFault_Handler
                0x00000204                SVC_Handler
                0x0000020c                PendSV_Handler
                0x00000214                SysTick_Handler
                0x0000021c                FLEX_INT7_IRQHandler
                0x0000021c                TIMER32_1_IRQHandler
                0x0000021c                FLEX_INT1_IRQHandler
                0x0000021c                IntDefaultHandler
                0x0000021c                SSP0_IRQHandler
                0x0000021c                USBWakeup_IRQHandler
                0x0000021c                TIMER32_0_IRQHandler
                0x0000021c                UART_IRQHandler
                0x0000021c                FLEX_INT2_IRQHandler
                0x0000021c                TIMER16_1_IRQHandler
                0x0000021c                USB_FIQHandler
                0x0000021c                FLEX_INT5_IRQHandler
                0x0000021c                ADC_IRQHandler
                0x0000021c                SSP1_IRQHandler
                0x0000021c                FLEX_INT3_IRQHandler
                0x0000021c                USB_IRQHandler
                0x0000021c                BOD_IRQHandler
                0x0000021c                I2C_IRQHandler
                0x0000021c                WDT_IRQHandler
                0x0000021c                FLEX_INT0_IRQHandler
                0x0000021c                GINT0_IRQHandler
                0x0000021c                FLEX_INT4_IRQHandler
                0x0000021c                TIMER16_0_IRQHandler
                0x0000021c                FLEX_INT6_IRQHandler
                0x0000021c                FMC_IRQHandler
                0x0000021c                GINT1_IRQHandler
                0x000002fc                . = 0x2fc
 *fill*         0x00000224       0xd8 ff
                0x000002fc                PROVIDE (__CRP_WORD_START__, .)
 *(.crp)
 .crp           0x000002fc        0x4 ./src/crp.o
                0x000002fc                CRP_WORD
                0x00000300                PROVIDE (__CRP_WORD_END__, .)
                0x00000001                ASSERT (! ((__CRP_WORD_START__ == __CRP_WORD_END__)), Linker CRP Enabled, but no CRP_WORD provided within application)
 *(.text*)
 .text.main     0x00000300       0x24 ./src/ledstripe_controller_v2.o
                0x00000300                main
 .text.SystemInit
                0x00000324        0xc ./src/sysinit.o
                0x00000324                SystemInit
 .text.Chip_GPIO_SetPinState
                0x00000330       0x3c D:\DB\Dropbox\Development\led_stripe_controller\workspace\nxp_lpcxpresso_11u14_board_lib\Debug\libnxp_lpcxpresso_11u14_board_lib.a(board.o)
 .text.Chip_GPIO_SetPinDIROutput
                0x0000036c       0x50 D:\DB\Dropbox\Development\led_stripe_controller\workspace\nxp_lpcxpresso_11u14_board_lib\Debug\libnxp_lpcxpresso_11u14_board_lib.a(board.o)
 .text.Board_LED_Init
                0x000003bc       0x18 D:\DB\Dropbox\Development\led_stripe_controller\workspace\nxp_lpcxpresso_11u14_board_lib\Debug\libnxp_lpcxpresso_11u14_board_lib.a(board.o)
 .text.Board_LED_Set
                0x000003d4       0x34 D:\DB\Dropbox\Development\led_stripe_controller\workspace\nxp_lpcxpresso_11u14_board_lib\Debug\libnxp_lpcxpresso_11u14_board_lib.a(board.o)
                0x000003d4                Board_LED_Set
 .text.Board_Init
                0x00000408       0x18 D:\DB\Dropbox\Development\led_stripe_controller\workspace\nxp_lpcxpresso_11u14_board_lib\Debug\libnxp_lpcxpresso_11u14_board_lib.a(board.o)
                0x00000408                Board_Init
 .text.Chip_FMC_SetFLASHAccess
                0x00000420       0x2c D:\DB\Dropbox\Development\led_stripe_controller\workspace\nxp_lpcxpresso_11u14_board_lib\Debug\libnxp_lpcxpresso_11u14_board_lib.a(board_sysinit.o)
 .text.Chip_Clock_SetupSystemPLL
                0x0000044c       0x34 D:\DB\Dropbox\Development\led_stripe_controller\workspace\nxp_lpcxpresso_11u14_board_lib\Debug\libnxp_lpcxpresso_11u14_board_lib.a(board_sysinit.o)
 .text.Chip_Clock_IsSystemPLLLocked
                0x00000480       0x1c D:\DB\Dropbox\Development\led_stripe_controller\workspace\nxp_lpcxpresso_11u14_board_lib\Debug\libnxp_lpcxpresso_11u14_board_lib.a(board_sysinit.o)
 .text.Chip_Clock_SetupUSBPLL
                0x0000049c       0x34 D:\DB\Dropbox\Development\led_stripe_controller\workspace\nxp_lpcxpresso_11u14_board_lib\Debug\libnxp_lpcxpresso_11u14_board_lib.a(board_sysinit.o)
 .text.Chip_Clock_IsUSBPLLLocked
                0x000004d0       0x1c D:\DB\Dropbox\Development\led_stripe_controller\workspace\nxp_lpcxpresso_11u14_board_lib\Debug\libnxp_lpcxpresso_11u14_board_lib.a(board_sysinit.o)
 .text.Chip_Clock_SetSysClockDiv
                0x000004ec       0x18 D:\DB\Dropbox\Development\led_stripe_controller\workspace\nxp_lpcxpresso_11u14_board_lib\Debug\libnxp_lpcxpresso_11u14_board_lib.a(board_sysinit.o)
 .text.Chip_Clock_EnablePeriphClock
                0x00000504       0x30 D:\DB\Dropbox\Development\led_stripe_controller\workspace\nxp_lpcxpresso_11u14_board_lib\Debug\libnxp_lpcxpresso_11u14_board_lib.a(board_sysinit.o)
 .text.SystemSetupClocking
                0x00000534       0x90 D:\DB\Dropbox\Development\led_stripe_controller\workspace\nxp_lpcxpresso_11u14_board_lib\Debug\libnxp_lpcxpresso_11u14_board_lib.a(board_sysinit.o)
 .text.SystemSetupMuxing
                0x000005c4       0x58 D:\DB\Dropbox\Development\led_stripe_controller\workspace\nxp_lpcxpresso_11u14_board_lib\Debug\libnxp_lpcxpresso_11u14_board_lib.a(board_sysinit.o)
 .text.Board_SystemInit
                0x0000061c       0x10 D:\DB\Dropbox\Development\led_stripe_controller\workspace\nxp_lpcxpresso_11u14_board_lib\Debug\libnxp_lpcxpresso_11u14_board_lib.a(board_sysinit.o)
                0x0000061c                Board_SystemInit
 .text.SystemCoreClockUpdate
                0x0000062c       0x18 D:\DB\Dropbox\Development\led_stripe_controller\workspace\lpc_chip_11uxx_lib\Debug\liblpc_chip_11uxx_lib.a(chip_11xx.o)
                0x0000062c                SystemCoreClockUpdate
 .text.Chip_Clock_GetMainOscRate
                0x00000644       0x14 D:\DB\Dropbox\Development\led_stripe_controller\workspace\lpc_chip_11uxx_lib\Debug\liblpc_chip_11uxx_lib.a(clock_11xx.o)
 .text.Chip_Clock_GetIntOscRate
                0x00000658       0x10 D:\DB\Dropbox\Development\led_stripe_controller\workspace\lpc_chip_11uxx_lib\Debug\liblpc_chip_11uxx_lib.a(clock_11xx.o)
 .text.Chip_Clock_GetWDTLFORate
                0x00000668       0x48 D:\DB\Dropbox\Development\led_stripe_controller\workspace\lpc_chip_11uxx_lib\Debug\liblpc_chip_11uxx_lib.a(clock_11xx.o)
 .text.Chip_Clock_GetPLLFreq
                0x000006b0       0x24 D:\DB\Dropbox\Development\led_stripe_controller\workspace\lpc_chip_11uxx_lib\Debug\liblpc_chip_11uxx_lib.a(clock_11xx.o)
 .text.Chip_Clock_SetSystemPLLSource
                0x000006d4       0x2c D:\DB\Dropbox\Development\led_stripe_controller\workspace\lpc_chip_11uxx_lib\Debug\liblpc_chip_11uxx_lib.a(clock_11xx.o)
                0x000006d4                Chip_Clock_SetSystemPLLSource
 .text.Chip_Clock_SetUSBPLLSource
                0x00000700       0x2c D:\DB\Dropbox\Development\led_stripe_controller\workspace\lpc_chip_11uxx_lib\Debug\liblpc_chip_11uxx_lib.a(clock_11xx.o)
                0x00000700                Chip_Clock_SetUSBPLLSource
 .text.Chip_Clock_SetMainClockSource
                0x0000072c       0x2c D:\DB\Dropbox\Development\led_stripe_controller\workspace\lpc_chip_11uxx_lib\Debug\liblpc_chip_11uxx_lib.a(clock_11xx.o)
                0x0000072c                Chip_Clock_SetMainClockSource
 .text.Chip_Clock_GetWDTOSCRate
                0x00000758       0x1c D:\DB\Dropbox\Development\led_stripe_controller\workspace\lpc_chip_11uxx_lib\Debug\liblpc_chip_11uxx_lib.a(clock_11xx.o)
                0x00000758                Chip_Clock_GetWDTOSCRate
 .text.Chip_Clock_GetSystemPLLInClockRate
                0x00000774       0x40 D:\DB\Dropbox\Development\led_stripe_controller\workspace\lpc_chip_11uxx_lib\Debug\liblpc_chip_11uxx_lib.a(clock_11xx.o)
                0x00000774                Chip_Clock_GetSystemPLLInClockRate
 .text.Chip_Clock_GetSystemPLLOutClockRate
                0x000007b4       0x24 D:\DB\Dropbox\Development\led_stripe_controller\workspace\lpc_chip_11uxx_lib\Debug\liblpc_chip_11uxx_lib.a(clock_11xx.o)
                0x000007b4                Chip_Clock_GetSystemPLLOutClockRate
 .text.Chip_Clock_GetMainClockRate
                0x000007d8       0x64 D:\DB\Dropbox\Development\led_stripe_controller\workspace\lpc_chip_11uxx_lib\Debug\liblpc_chip_11uxx_lib.a(clock_11xx.o)
                0x000007d8                Chip_Clock_GetMainClockRate
 .text.Chip_Clock_GetSystemClockRate
                0x0000083c       0x24 D:\DB\Dropbox\Development\led_stripe_controller\workspace\lpc_chip_11uxx_lib\Debug\liblpc_chip_11uxx_lib.a(clock_11xx.o)
                0x0000083c                Chip_Clock_GetSystemClockRate
 .text.Chip_Clock_EnablePeriphClock
                0x00000860       0x30 D:\DB\Dropbox\Development\led_stripe_controller\workspace\lpc_chip_11uxx_lib\Debug\liblpc_chip_11uxx_lib.a(gpio_11xx_1.o)
 .text.Chip_GPIO_Init
                0x00000890       0x14 D:\DB\Dropbox\Development\led_stripe_controller\workspace\lpc_chip_11uxx_lib\Debug\liblpc_chip_11uxx_lib.a(gpio_11xx_1.o)
                0x00000890                Chip_GPIO_Init
 .text.Chip_IOCON_PinMuxSet
                0x000008a4       0x50 D:\DB\Dropbox\Development\led_stripe_controller\workspace\lpc_chip_11uxx_lib\Debug\liblpc_chip_11uxx_lib.a(iocon_11xx.o)
                0x000008a4                Chip_IOCON_PinMuxSet
 .text.Chip_SYSCTL_PowerDown
                0x000008f4       0x40 D:\DB\Dropbox\Development\led_stripe_controller\workspace\lpc_chip_11uxx_lib\Debug\liblpc_chip_11uxx_lib.a(sysctl_11xx.o)
                0x000008f4                Chip_SYSCTL_PowerDown
 .text.Chip_SYSCTL_PowerUp
                0x00000934       0x44 D:\DB\Dropbox\Development\led_stripe_controller\workspace\lpc_chip_11uxx_lib\Debug\liblpc_chip_11uxx_lib.a(sysctl_11xx.o)
                0x00000934                Chip_SYSCTL_PowerUp
 .text.__weak_main
                0x00000978        0x8 c:/nxp/lpcxpresso_7.8.0_426/lpcxpresso/tools/bin/../lib/gcc/arm-none-eabi/4.9.3/../../../../arm-none-eabi/lib/armv6-m\libcr_c.a(__weak__main.o)
                0x00000978                __weak_main
                0x00000978                __main
 .text.__aeabi_division_idivmod
                0x00000980       0x78 c:/nxp/lpcxpresso_7.8.0_426/lpcxpresso/tools/bin/../lib/gcc/arm-none-eabi/4.9.3/armv6-m\libcr_eabihelpers.a(division_32.o)
                0x00000980                __aeabi_idivmod
                0x00000980                __aeabi_idiv
                0x00000986                __aeabi_uidivmod
                0x00000986                __aeabi_uidiv
 .text.__aeabi_division_idiv0
                0x000009f8        0x2 c:/nxp/lpcxpresso_7.8.0_426/lpcxpresso/tools/bin/../lib/gcc/arm-none-eabi/4.9.3/armv6-m\libcr_eabihelpers.a(division_idiv0.o)
                0x000009f8                __aeabi_idiv0
 *(.rodata .rodata.* .constdata .constdata.*)
 *fill*         0x000009fa        0x2 
 .rodata.OscRateIn
                0x000009fc        0x4 D:\DB\Dropbox\Development\led_stripe_controller\workspace\nxp_lpcxpresso_11u14_board_lib\Debug\libnxp_lpcxpresso_11u14_board_lib.a(board.o)
                0x000009fc                OscRateIn
 .rodata.pinmuxing
                0x00000a00       0x24 D:\DB\Dropbox\Development\led_stripe_controller\workspace\nxp_lpcxpresso_11u14_board_lib\Debug\libnxp_lpcxpresso_11u14_board_lib.a(board_sysinit.o)
 .rodata.wdtOSCRate
                0x00000a24       0x40 D:\DB\Dropbox\Development\led_stripe_controller\workspace\lpc_chip_11uxx_lib\Debug\liblpc_chip_11uxx_lib.a(clock_11xx.o)
                0x00000a64                . = ALIGN (0x4)

.glue_7         0x00000a64        0x0
 .glue_7        0x00000000        0x0 linker stubs

.glue_7t        0x00000a64        0x0
 .glue_7t       0x00000000        0x0 linker stubs

.vfp11_veneer   0x00000a64        0x0
 .vfp11_veneer  0x00000000        0x0 linker stubs

.v4_bx          0x00000a64        0x0
 .v4_bx         0x00000000        0x0 linker stubs

.iplt           0x00000a64        0x0
 .iplt          0x00000000        0x0 ./src/cr_startup_lpc11uxx.o

.rel.dyn        0x00000a64        0x0
 .rel.iplt      0x00000000        0x0 ./src/cr_startup_lpc11uxx.o

.ARM.extab
 *(.ARM.extab* .gnu.linkonce.armextab.*)
                0x00000a64                __exidx_start = .

.ARM.exidx
 *(.ARM.exidx* .gnu.linkonce.armexidx.*)
                0x00000a64                __exidx_end = .
                0x00000a64                _etext = .

.data_RAM2      0x20004000        0x0 load address 0x00000a64
 FILL mask 0xff
                0x20004000                PROVIDE (__start_data_RAM2, .)
 *(.ramfunc.$RAM2)
 *(.ramfunc.$RamUsb2)
 *(.data.$RAM2*)
 *(.data.$RamUsb2*)
                0x20004000                . = ALIGN (0x4)
                0x20004000                PROVIDE (__end_data_RAM2, .)

.uninit_RESERVED
                0x10000000        0x0
 *(.bss.$RESERVED*)
                0x10000000                . = ALIGN (0x4)
                0x10000000                _end_uninit_RESERVED = .

.data           0x10000000        0x0 load address 0x00000a64
 FILL mask 0xff
                0x10000000                _data = .
 *(vtable)
 *(.ramfunc*)
 *(.data*)
                0x10000000                . = ALIGN (0x4)
                0x10000000                _edata = .

.igot.plt       0x10000000        0x0 load address 0x00000a64
 .igot.plt      0x00000000        0x0 ./src/cr_startup_lpc11uxx.o

.bss_RAM2       0x20004000        0x0
                0x20004000                PROVIDE (__start_bss_RAM2, .)
 *(.bss.$RAM2*)
 *(.bss.$RamUsb2*)
                0x20004000                . = ALIGN (0x4)
                0x20004000                PROVIDE (__end_bss_RAM2, .)

.bss            0x10000000        0x8
                0x10000000                _bss = .
 *(.bss*)
 .bss.i.5889    0x10000000        0x4 ./src/ledstripe_controller_v2.o
 *(COMMON)
 COMMON         0x10000004        0x4 D:\DB\Dropbox\Development\led_stripe_controller\workspace\lpc_chip_11uxx_lib\Debug\liblpc_chip_11uxx_lib.a(chip_11xx.o)
                0x10000004                SystemCoreClock
                0x10000008                . = ALIGN (0x4)
                0x10000008                _ebss = .
                0x10000008                PROVIDE (end, .)

.noinit_RAM2    0x20004000        0x0
 *(.noinit.$RAM2*)
 *(.noinit.$RamUsb2*)
                0x20004000                . = ALIGN (0x4)

.noinit         0x10000008        0x0
                0x10000008                _noinit = .
 *(.noinit*)
                0x10000008                . = ALIGN (0x4)
                0x10000008                _end_noinit = .
                0x10000008                PROVIDE (_pvHeapStart, DEFINED (__user_heap_base)?__user_heap_base:.)
                0x10001000                PROVIDE (_vStackTop, DEFINED (__user_stack_top)?__user_stack_top:(__top_RamLoc4 - 0x0))
OUTPUT(ledstripe_controller_v2.axf elf32-littlearm)

.debug_info     0x00000000     0x2eb0
 .debug_info    0x00000000      0x217 ./src/cr_startup_lpc11uxx.o
 .debug_info    0x00000217       0x3f ./src/crp.o
 .debug_info    0x00000256       0xd5 ./src/ledstripe_controller_v2.o
 .debug_info    0x0000032b       0xb8 ./src/sysinit.o
 .debug_info    0x000003e3      0x79e D:\DB\Dropbox\Development\led_stripe_controller\workspace\nxp_lpcxpresso_11u14_board_lib\Debug\libnxp_lpcxpresso_11u14_board_lib.a(board.o)
 .debug_info    0x00000b81      0x95c D:\DB\Dropbox\Development\led_stripe_controller\workspace\nxp_lpcxpresso_11u14_board_lib\Debug\libnxp_lpcxpresso_11u14_board_lib.a(board_sysinit.o)
 .debug_info    0x000014dd       0xc2 D:\DB\Dropbox\Development\led_stripe_controller\workspace\lpc_chip_11uxx_lib\Debug\liblpc_chip_11uxx_lib.a(chip_11xx.o)
 .debug_info    0x0000159f      0x8ca D:\DB\Dropbox\Development\led_stripe_controller\workspace\lpc_chip_11uxx_lib\Debug\liblpc_chip_11uxx_lib.a(clock_11xx.o)
 .debug_info    0x00001e69      0x96f D:\DB\Dropbox\Development\led_stripe_controller\workspace\lpc_chip_11uxx_lib\Debug\liblpc_chip_11uxx_lib.a(gpio_11xx_1.o)
 .debug_info    0x000027d8      0x155 D:\DB\Dropbox\Development\led_stripe_controller\workspace\lpc_chip_11uxx_lib\Debug\liblpc_chip_11uxx_lib.a(iocon_11xx.o)
 .debug_info    0x0000292d      0x583 D:\DB\Dropbox\Development\led_stripe_controller\workspace\lpc_chip_11uxx_lib\Debug\liblpc_chip_11uxx_lib.a(sysctl_11xx.o)

.debug_abbrev   0x00000000      0xb54
 .debug_abbrev  0x00000000       0xed ./src/cr_startup_lpc11uxx.o
 .debug_abbrev  0x000000ed       0x36 ./src/crp.o
 .debug_abbrev  0x00000123       0x84 ./src/ledstripe_controller_v2.o
 .debug_abbrev  0x000001a7       0x6a ./src/sysinit.o
 .debug_abbrev  0x00000211      0x238 D:\DB\Dropbox\Development\led_stripe_controller\workspace\nxp_lpcxpresso_11u14_board_lib\Debug\libnxp_lpcxpresso_11u14_board_lib.a(board.o)
 .debug_abbrev  0x00000449      0x1cb D:\DB\Dropbox\Development\led_stripe_controller\workspace\nxp_lpcxpresso_11u14_board_lib\Debug\libnxp_lpcxpresso_11u14_board_lib.a(board_sysinit.o)
 .debug_abbrev  0x00000614       0x7b D:\DB\Dropbox\Development\led_stripe_controller\workspace\lpc_chip_11uxx_lib\Debug\liblpc_chip_11uxx_lib.a(chip_11xx.o)
 .debug_abbrev  0x0000068f      0x1bc D:\DB\Dropbox\Development\led_stripe_controller\workspace\lpc_chip_11uxx_lib\Debug\liblpc_chip_11uxx_lib.a(clock_11xx.o)
 .debug_abbrev  0x0000084b      0x173 D:\DB\Dropbox\Development\led_stripe_controller\workspace\lpc_chip_11uxx_lib\Debug\liblpc_chip_11uxx_lib.a(gpio_11xx_1.o)
 .debug_abbrev  0x000009be       0xc8 D:\DB\Dropbox\Development\led_stripe_controller\workspace\lpc_chip_11uxx_lib\Debug\liblpc_chip_11uxx_lib.a(iocon_11xx.o)
 .debug_abbrev  0x00000a86       0xce D:\DB\Dropbox\Development\led_stripe_controller\workspace\lpc_chip_11uxx_lib\Debug\liblpc_chip_11uxx_lib.a(sysctl_11xx.o)

.debug_aranges  0x00000000      0x380
 .debug_aranges
                0x00000000       0x60 ./src/cr_startup_lpc11uxx.o
 .debug_aranges
                0x00000060       0x18 ./src/crp.o
 .debug_aranges
                0x00000078       0x20 ./src/ledstripe_controller_v2.o
 .debug_aranges
                0x00000098       0x20 ./src/sysinit.o
 .debug_aranges
                0x000000b8       0xd0 D:\DB\Dropbox\Development\led_stripe_controller\workspace\nxp_lpcxpresso_11u14_board_lib\Debug\libnxp_lpcxpresso_11u14_board_lib.a(board.o)
 .debug_aranges
                0x00000188       0x68 D:\DB\Dropbox\Development\led_stripe_controller\workspace\nxp_lpcxpresso_11u14_board_lib\Debug\libnxp_lpcxpresso_11u14_board_lib.a(board_sysinit.o)
 .debug_aranges
                0x000001f0       0x20 D:\DB\Dropbox\Development\led_stripe_controller\workspace\lpc_chip_11uxx_lib\Debug\liblpc_chip_11uxx_lib.a(chip_11xx.o)
 .debug_aranges
                0x00000210       0xa0 D:\DB\Dropbox\Development\led_stripe_controller\workspace\lpc_chip_11uxx_lib\Debug\liblpc_chip_11uxx_lib.a(clock_11xx.o)
 .debug_aranges
                0x000002b0       0x78 D:\DB\Dropbox\Development\led_stripe_controller\workspace\lpc_chip_11uxx_lib\Debug\liblpc_chip_11uxx_lib.a(gpio_11xx_1.o)
 .debug_aranges
                0x00000328       0x20 D:\DB\Dropbox\Development\led_stripe_controller\workspace\lpc_chip_11uxx_lib\Debug\liblpc_chip_11uxx_lib.a(iocon_11xx.o)
 .debug_aranges
                0x00000348       0x38 D:\DB\Dropbox\Development\led_stripe_controller\workspace\lpc_chip_11uxx_lib\Debug\liblpc_chip_11uxx_lib.a(sysctl_11xx.o)

.debug_ranges   0x00000000      0x2c8
 .debug_ranges  0x00000000       0x50 ./src/cr_startup_lpc11uxx.o
 .debug_ranges  0x00000050       0x10 ./src/ledstripe_controller_v2.o
 .debug_ranges  0x00000060       0x10 ./src/sysinit.o
 .debug_ranges  0x00000070       0xc0 D:\DB\Dropbox\Development\led_stripe_controller\workspace\nxp_lpcxpresso_11u14_board_lib\Debug\libnxp_lpcxpresso_11u14_board_lib.a(board.o)
 .debug_ranges  0x00000130       0x58 D:\DB\Dropbox\Development\led_stripe_controller\workspace\nxp_lpcxpresso_11u14_board_lib\Debug\libnxp_lpcxpresso_11u14_board_lib.a(board_sysinit.o)
 .debug_ranges  0x00000188       0x10 D:\DB\Dropbox\Development\led_stripe_controller\workspace\lpc_chip_11uxx_lib\Debug\liblpc_chip_11uxx_lib.a(chip_11xx.o)
 .debug_ranges  0x00000198       0x90 D:\DB\Dropbox\Development\led_stripe_controller\workspace\lpc_chip_11uxx_lib\Debug\liblpc_chip_11uxx_lib.a(clock_11xx.o)
 .debug_ranges  0x00000228       0x68 D:\DB\Dropbox\Development\led_stripe_controller\workspace\lpc_chip_11uxx_lib\Debug\liblpc_chip_11uxx_lib.a(gpio_11xx_1.o)
 .debug_ranges  0x00000290       0x10 D:\DB\Dropbox\Development\led_stripe_controller\workspace\lpc_chip_11uxx_lib\Debug\liblpc_chip_11uxx_lib.a(iocon_11xx.o)
 .debug_ranges  0x000002a0       0x28 D:\DB\Dropbox\Development\led_stripe_controller\workspace\lpc_chip_11uxx_lib\Debug\liblpc_chip_11uxx_lib.a(sysctl_11xx.o)

.debug_macro    0x00000000     0x3577
 .debug_macro   0x00000000       0x1d ./src/cr_startup_lpc11uxx.o
 .debug_macro   0x0000001d      0x838 ./src/cr_startup_lpc11uxx.o
 .debug_macro   0x00000855       0x1a ./src/crp.o
 .debug_macro   0x0000086f       0x34 ./src/crp.o
 .debug_macro   0x000008a3      0x19c ./src/ledstripe_controller_v2.o
 .debug_macro   0x00000a3f       0x10 ./src/ledstripe_controller_v2.o
 .debug_macro   0x00000a4f      0x12d ./src/ledstripe_controller_v2.o
 .debug_macro   0x00000b7c      0x5b2 ./src/ledstripe_controller_v2.o
 .debug_macro   0x0000112e       0x22 ./src/ledstripe_controller_v2.o
 .debug_macro   0x00001150       0x7b ./src/ledstripe_controller_v2.o
 .debug_macro   0x000011cb       0x10 ./src/ledstripe_controller_v2.o
 .debug_macro   0x000011db       0x1f ./src/ledstripe_controller_v2.o
 .debug_macro   0x000011fa       0x3a ./src/ledstripe_controller_v2.o
 .debug_macro   0x00001234      0x241 ./src/ledstripe_controller_v2.o
 .debug_macro   0x00001475      0x125 ./src/ledstripe_controller_v2.o
 .debug_macro   0x0000159a       0x2e ./src/ledstripe_controller_v2.o
 .debug_macro   0x000015c8       0xf1 ./src/ledstripe_controller_v2.o
 .debug_macro   0x000016b9       0x10 ./src/ledstripe_controller_v2.o
 .debug_macro   0x000016c9      0x137 ./src/ledstripe_controller_v2.o
 .debug_macro   0x00001800       0x4c ./src/ledstripe_controller_v2.o
 .debug_macro   0x0000184c       0x16 ./src/ledstripe_controller_v2.o
 .debug_macro   0x00001862      0x31a ./src/ledstripe_controller_v2.o
 .debug_macro   0x00001b7c       0x4f ./src/ledstripe_controller_v2.o
 .debug_macro   0x00001bcb       0xb8 ./src/ledstripe_controller_v2.o
 .debug_macro   0x00001c83       0x11 ./src/ledstripe_controller_v2.o
 .debug_macro   0x00001c94       0x7c ./src/ledstripe_controller_v2.o
 .debug_macro   0x00001d10       0x1c ./src/ledstripe_controller_v2.o
 .debug_macro   0x00001d2c       0x40 ./src/ledstripe_controller_v2.o
 .debug_macro   0x00001d6c      0x21c ./src/ledstripe_controller_v2.o
 .debug_macro   0x00001f88       0x58 ./src/ledstripe_controller_v2.o
 .debug_macro   0x00001fe0       0x9a ./src/ledstripe_controller_v2.o
 .debug_macro   0x0000207a       0x20 ./src/ledstripe_controller_v2.o
 .debug_macro   0x0000209a       0x82 ./src/ledstripe_controller_v2.o
 .debug_macro   0x0000211c      0x193 ./src/sysinit.o
 .debug_macro   0x000022af      0x1e8 D:\DB\Dropbox\Development\led_stripe_controller\workspace\nxp_lpcxpresso_11u14_board_lib\Debug\libnxp_lpcxpresso_11u14_board_lib.a(board.o)
 .debug_macro   0x00002497      0x832 D:\DB\Dropbox\Development\led_stripe_controller\workspace\nxp_lpcxpresso_11u14_board_lib\Debug\libnxp_lpcxpresso_11u14_board_lib.a(board.o)
 .debug_macro   0x00002cc9       0x12 D:\DB\Dropbox\Development\led_stripe_controller\workspace\nxp_lpcxpresso_11u14_board_lib\Debug\libnxp_lpcxpresso_11u14_board_lib.a(board.o)
 .debug_macro   0x00002cdb      0x1a1 D:\DB\Dropbox\Development\led_stripe_controller\workspace\nxp_lpcxpresso_11u14_board_lib\Debug\libnxp_lpcxpresso_11u14_board_lib.a(board_sysinit.o)
 .debug_macro   0x00002e7c      0x15d D:\DB\Dropbox\Development\led_stripe_controller\workspace\lpc_chip_11uxx_lib\Debug\liblpc_chip_11uxx_lib.a(chip_11xx.o)
 .debug_macro   0x00002fd9      0x15d D:\DB\Dropbox\Development\led_stripe_controller\workspace\lpc_chip_11uxx_lib\Debug\liblpc_chip_11uxx_lib.a(clock_11xx.o)
 .debug_macro   0x00003136      0x15d D:\DB\Dropbox\Development\led_stripe_controller\workspace\lpc_chip_11uxx_lib\Debug\liblpc_chip_11uxx_lib.a(gpio_11xx_1.o)
 .debug_macro   0x00003293      0x15d D:\DB\Dropbox\Development\led_stripe_controller\workspace\lpc_chip_11uxx_lib\Debug\liblpc_chip_11uxx_lib.a(iocon_11xx.o)
 .debug_macro   0x000033f0      0x187 D:\DB\Dropbox\Development\led_stripe_controller\workspace\lpc_chip_11uxx_lib\Debug\liblpc_chip_11uxx_lib.a(sysctl_11xx.o)

.debug_line     0x00000000     0x238d
 .debug_line    0x00000000       0xbf ./src/cr_startup_lpc11uxx.o
 .debug_line    0x000000bf       0x78 ./src/crp.o
 .debug_line    0x00000137      0x3df ./src/ledstripe_controller_v2.o
 .debug_line    0x00000516      0x36d ./src/sysinit.o
 .debug_line    0x00000883      0x558 D:\DB\Dropbox\Development\led_stripe_controller\workspace\nxp_lpcxpresso_11u14_board_lib\Debug\libnxp_lpcxpresso_11u14_board_lib.a(board.o)
 .debug_line    0x00000ddb      0x477 D:\DB\Dropbox\Development\led_stripe_controller\workspace\nxp_lpcxpresso_11u14_board_lib\Debug\libnxp_lpcxpresso_11u14_board_lib.a(board_sysinit.o)
 .debug_line    0x00001252      0x2ed D:\DB\Dropbox\Development\led_stripe_controller\workspace\lpc_chip_11uxx_lib\Debug\liblpc_chip_11uxx_lib.a(chip_11xx.o)
 .debug_line    0x0000153f      0x45c D:\DB\Dropbox\Development\led_stripe_controller\workspace\lpc_chip_11uxx_lib\Debug\liblpc_chip_11uxx_lib.a(clock_11xx.o)
 .debug_line    0x0000199b      0x3d8 D:\DB\Dropbox\Development\led_stripe_controller\workspace\lpc_chip_11uxx_lib\Debug\liblpc_chip_11uxx_lib.a(gpio_11xx_1.o)
 .debug_line    0x00001d73      0x2f0 D:\DB\Dropbox\Development\led_stripe_controller\workspace\lpc_chip_11uxx_lib\Debug\liblpc_chip_11uxx_lib.a(iocon_11xx.o)
 .debug_line    0x00002063      0x32a D:\DB\Dropbox\Development\led_stripe_controller\workspace\lpc_chip_11uxx_lib\Debug\liblpc_chip_11uxx_lib.a(sysctl_11xx.o)

.debug_str      0x00000000     0x99fe
 .debug_str     0x00000000     0x2508 ./src/cr_startup_lpc11uxx.o
                               0x251b (size before relaxing)
 .debug_str     0x00002508       0xe9 ./src/crp.o
                               0x2467 (size before relaxing)
 .debug_str     0x000025f1     0x5faf ./src/ledstripe_controller_v2.o
                               0x841d (size before relaxing)
 .debug_str     0x000085a0       0x11 ./src/sysinit.o
                               0x7fca (size before relaxing)
 .debug_str     0x000085b1      0x475 D:\DB\Dropbox\Development\led_stripe_controller\workspace\nxp_lpcxpresso_11u14_board_lib\Debug\libnxp_lpcxpresso_11u14_board_lib.a(board.o)
                               0x83d3 (size before relaxing)
 .debug_str     0x00008a26      0x7f0 D:\DB\Dropbox\Development\led_stripe_controller\workspace\nxp_lpcxpresso_11u14_board_lib\Debug\libnxp_lpcxpresso_11u14_board_lib.a(board_sysinit.o)
                               0x87cb (size before relaxing)
 .debug_str     0x00009216       0x8c D:\DB\Dropbox\Development\led_stripe_controller\workspace\lpc_chip_11uxx_lib\Debug\liblpc_chip_11uxx_lib.a(chip_11xx.o)
                               0x7c42 (size before relaxing)
 .debug_str     0x000092a2      0x48e D:\DB\Dropbox\Development\led_stripe_controller\workspace\lpc_chip_11uxx_lib\Debug\liblpc_chip_11uxx_lib.a(clock_11xx.o)
                               0x844d (size before relaxing)
 .debug_str     0x00009730       0xff D:\DB\Dropbox\Development\led_stripe_controller\workspace\lpc_chip_11uxx_lib\Debug\liblpc_chip_11uxx_lib.a(gpio_11xx_1.o)
                               0x82ab (size before relaxing)
 .debug_str     0x0000982f       0x30 D:\DB\Dropbox\Development\led_stripe_controller\workspace\lpc_chip_11uxx_lib\Debug\liblpc_chip_11uxx_lib.a(iocon_11xx.o)
                               0x7c65 (size before relaxing)
 .debug_str     0x0000985f      0x19f D:\DB\Dropbox\Development\led_stripe_controller\workspace\lpc_chip_11uxx_lib\Debug\liblpc_chip_11uxx_lib.a(sysctl_11xx.o)
                               0x8050 (size before relaxing)

.comment        0x00000000       0xe0
 .comment       0x00000000       0x70 ./src/cr_startup_lpc11uxx.o
                                 0x71 (size before relaxing)
 .comment       0x00000000       0x71 ./src/crp.o
 .comment       0x00000000       0x71 ./src/ledstripe_controller_v2.o
 .comment       0x00000000       0x71 ./src/sysinit.o
 .comment       0x00000000       0x71 D:\DB\Dropbox\Development\led_stripe_controller\workspace\nxp_lpcxpresso_11u14_board_lib\Debug\libnxp_lpcxpresso_11u14_board_lib.a(board.o)
 .comment       0x00000000       0x71 D:\DB\Dropbox\Development\led_stripe_controller\workspace\nxp_lpcxpresso_11u14_board_lib\Debug\libnxp_lpcxpresso_11u14_board_lib.a(board_sysinit.o)
 .comment       0x00000000       0x71 D:\DB\Dropbox\Development\led_stripe_controller\workspace\lpc_chip_11uxx_lib\Debug\liblpc_chip_11uxx_lib.a(chip_11xx.o)
 .comment       0x00000000       0x71 D:\DB\Dropbox\Development\led_stripe_controller\workspace\lpc_chip_11uxx_lib\Debug\liblpc_chip_11uxx_lib.a(clock_11xx.o)
 .comment       0x00000000       0x71 D:\DB\Dropbox\Development\led_stripe_controller\workspace\lpc_chip_11uxx_lib\Debug\liblpc_chip_11uxx_lib.a(gpio_11xx_1.o)
 .comment       0x00000000       0x71 D:\DB\Dropbox\Development\led_stripe_controller\workspace\lpc_chip_11uxx_lib\Debug\liblpc_chip_11uxx_lib.a(iocon_11xx.o)
 .comment       0x00000000       0x71 D:\DB\Dropbox\Development\led_stripe_controller\workspace\lpc_chip_11uxx_lib\Debug\liblpc_chip_11uxx_lib.a(sysctl_11xx.o)
 .comment       0x00000070       0x70 c:/nxp/lpcxpresso_7.8.0_426/lpcxpresso/tools/bin/../lib/gcc/arm-none-eabi/4.9.3/../../../../arm-none-eabi/lib/armv6-m\libcr_c.a(__weak__main.o)
                                 0x71 (size before relaxing)

.ARM.attributes
                0x00000000       0x2d
 .ARM.attributes
                0x00000000       0x31 ./src/cr_startup_lpc11uxx.o
 .ARM.attributes
                0x00000031       0x31 ./src/crp.o
 .ARM.attributes
                0x00000062       0x31 ./src/ledstripe_controller_v2.o
 .ARM.attributes
                0x00000093       0x31 ./src/sysinit.o
 .ARM.attributes
                0x000000c4       0x31 D:\DB\Dropbox\Development\led_stripe_controller\workspace\nxp_lpcxpresso_11u14_board_lib\Debug\libnxp_lpcxpresso_11u14_board_lib.a(board.o)
 .ARM.attributes
                0x000000f5       0x31 D:\DB\Dropbox\Development\led_stripe_controller\workspace\nxp_lpcxpresso_11u14_board_lib\Debug\libnxp_lpcxpresso_11u14_board_lib.a(board_sysinit.o)
 .ARM.attributes
                0x00000126       0x31 D:\DB\Dropbox\Development\led_stripe_controller\workspace\lpc_chip_11uxx_lib\Debug\liblpc_chip_11uxx_lib.a(chip_11xx.o)
 .ARM.attributes
                0x00000157       0x31 D:\DB\Dropbox\Development\led_stripe_controller\workspace\lpc_chip_11uxx_lib\Debug\liblpc_chip_11uxx_lib.a(clock_11xx.o)
 .ARM.attributes
                0x00000188       0x31 D:\DB\Dropbox\Development\led_stripe_controller\workspace\lpc_chip_11uxx_lib\Debug\liblpc_chip_11uxx_lib.a(gpio_11xx_1.o)
 .ARM.attributes
                0x000001b9       0x31 D:\DB\Dropbox\Development\led_stripe_controller\workspace\lpc_chip_11uxx_lib\Debug\liblpc_chip_11uxx_lib.a(iocon_11xx.o)
 .ARM.attributes
                0x000001ea       0x31 D:\DB\Dropbox\Development\led_stripe_controller\workspace\lpc_chip_11uxx_lib\Debug\liblpc_chip_11uxx_lib.a(sysctl_11xx.o)
 .ARM.attributes
                0x0000021b       0x31 c:/nxp/lpcxpresso_7.8.0_426/lpcxpresso/tools/bin/../lib/gcc/arm-none-eabi/4.9.3/../../../../arm-none-eabi/lib/armv6-m\libcr_c.a(__weak__main.o)
 .ARM.attributes
                0x0000024c       0x21 c:/nxp/lpcxpresso_7.8.0_426/lpcxpresso/tools/bin/../lib/gcc/arm-none-eabi/4.9.3/armv6-m\libcr_eabihelpers.a(division_32.o)
 .ARM.attributes
                0x0000026d       0x21 c:/nxp/lpcxpresso_7.8.0_426/lpcxpresso/tools/bin/../lib/gcc/arm-none-eabi/4.9.3/armv6-m\libcr_eabihelpers.a(division_idiv0.o)

.debug_frame    0x00000000      0xa2c
 .debug_frame   0x00000000      0x118 ./src/cr_startup_lpc11uxx.o
 .debug_frame   0x00000118       0x2c ./src/ledstripe_controller_v2.o
 .debug_frame   0x00000144       0x2c ./src/sysinit.o
 .debug_frame   0x00000170      0x2d8 D:\DB\Dropbox\Development\led_stripe_controller\workspace\nxp_lpcxpresso_11u14_board_lib\Debug\libnxp_lpcxpresso_11u14_board_lib.a(board.o)
 .debug_frame   0x00000448      0x148 D:\DB\Dropbox\Development\led_stripe_controller\workspace\nxp_lpcxpresso_11u14_board_lib\Debug\libnxp_lpcxpresso_11u14_board_lib.a(board_sysinit.o)
 .debug_frame   0x00000590       0x2c D:\DB\Dropbox\Development\led_stripe_controller\workspace\lpc_chip_11uxx_lib\Debug\liblpc_chip_11uxx_lib.a(chip_11xx.o)
 .debug_frame   0x000005bc      0x220 D:\DB\Dropbox\Development\led_stripe_controller\workspace\lpc_chip_11uxx_lib\Debug\liblpc_chip_11uxx_lib.a(clock_11xx.o)
 .debug_frame   0x000007dc      0x190 D:\DB\Dropbox\Development\led_stripe_controller\workspace\lpc_chip_11uxx_lib\Debug\liblpc_chip_11uxx_lib.a(gpio_11xx_1.o)
 .debug_frame   0x0000096c       0x30 D:\DB\Dropbox\Development\led_stripe_controller\workspace\lpc_chip_11uxx_lib\Debug\liblpc_chip_11uxx_lib.a(iocon_11xx.o)
 .debug_frame   0x0000099c       0x90 D:\DB\Dropbox\Development\led_stripe_controller\workspace\lpc_chip_11uxx_lib\Debug\liblpc_chip_11uxx_lib.a(sysctl_11xx.o)
